[13:28:23.611] HMI Rover Debug cargado. Conecte los puertos COM de Transmisor (ESP32) y/o Receptor (MKR).
[13:28:56.643] Transmisor ESP32 conectado en COM4 @ 115200 bps.
[13:28:56.647] [TX PC -> ESP32 #1]: ",0,0,90,90,90,90"
[13:28:56.651]    BYTES: [20 2C 30 2C 30 2C 39 30 2C 39 30 2C 39 30 2C 39 30 0A] (18 B)
[13:28:56.707] [TX PC -> ESP32 #1]: ",0,0,90,90,90,90"
[13:28:56.707]    BYTES: [20 2C 30 2C 30 2C 39 30 2C 39 30 2C 39 30 2C 39 30 0A] (18 B)
[13:28:56.770] [TX PC -> ESP32 #2]: ",0,0,90,90,90,90"
[13:28:56.770]    BYTES: [20 2C 30 2C 30 2C 39 30 2C 39 30 2C 39 30 2C 39 30 0A] (18 B)
[13:28:56.826] [TX PC -> ESP32 #3]: ",0,0,90,90,90,90"
[13:28:56.826]    BYTES: [20 2C 30 2C 30 2C 39 30 2C 39 30 2C 39 30 2C 39 30 0A] (18 B)
[13:28:56.876] [TX PC -> ESP32 #4]: ",0,0,90,90,90,90"
[13:28:56.876]    BYTES: [20 2C 30 2C 30 2C 39 30 2C 39 30 2C 39 30 2C 39 30 0A] (18 B)
[13:28:56.937] [TX PC -> ESP32 #5]: ",0,0,90,90,90,90"
[13:28:56.937]    BYTES: [20 2C 30 2C 30 2C 39 30 2C 39 30 2C 39 30 2C 39 30 0A] (18 B)
[13:28:56.988] [TX PC -> ESP32 #6]: ",0,0,90,90,90,90"
[13:28:56.988]    BYTES: [20 2C 30 2C 30 2C 39 30 2C 39 30 2C 39 30 2C 39 30 0A] (18 B)
[13:28:57.051] [TX PC -> ESP32 #7]: ",0,0,90,90,90,90"
[13:28:57.052]    BYTES: [20 2C 30 2C 30 2C 39 30 2C 39 30 2C 39 30 2C 39 30 0A] (18 B)
[13:28:57.113] [TX PC -> ESP32 #8]: ",0,0,90,90,90,90"
[13:28:57.113]    BYTES: [20 2C 30 2C 30 2C 39 30 2C 39 30 2C 39 30 2C 39 30 0A] (18 B)
[13:28:57.172] [TX PC -> ESP32 #9]: ",0,0,90,90,90,90"
[13:28:57.172]    BYTES: [20 2C 30 2C 30 2C 39 30 2C 39 30 2C 39 30 2C 39 30 0A] (18 B)
[13:28:57.232] [TX PC -> ESP32 #10]: ",0,0,90,90,90,90"
[13:28:57.234]    BYTES: [20 2C 30 2C 30 2C 39 30 2C 39 30 2C 39 30 2C 39 30 0A] (18 B)
[13:28:57.286] [TX PC -> ESP32 #11]: ",0,0,90,90,90,90"
[13:28:57.286]    BYTES: [20 2C 30 2C 30 2C 39 30 2C 39 30 2C 39 30 2C 39 30 0A] (18 B)
[13:28:57.337] [TX PC -> ESP32 #12]: ",0,0,90,90,90,90"
[13:28:57.337]    BYTES: [20 2C 30 2C 30 2C 39 30 2C 39 30 2C 39 30 2C 39 30 0A] (18 B)
[13:28:57.392] [TX PC -> ESP32 #13]: ",0,0,90,90,90,90"
[13:28:57.392]    BYTES: [20 2C 30 2C 30 2C 39 30 2C 39 30 2C 39 30 2C 39 30 0A] (18 B)
[13:28:57.451] [TX PC -> ESP32 #14]: ",0,0,90,90,90,90"
[13:28:57.451]    BYTES: [20 2C 30 2C 30 2C 39 30 2C 39 30 2C 39 30 2C 39 30 0A] (18 B)
[13:28:57.516] [TX PC -> ESP32 #15]: ",0,0,90,90,90,90"
[13:28:57.516]    BYTES: [20 2C 30 2C 30 2C 39 30 2C 39 30 2C 39 30 2C 39 30 0A] (18 B)
[13:28:57.577] [TX PC -> ESP32 #16]: ",0,0,90,90,90,90"
[13:28:57.577]    BYTES: [20 2C 30 2C 30 2C 39 30 2C 39 30 2C 39 30 2C 39 30 0A] (18 B)
[13:28:57.644] [TX PC -> ESP32 #17]: ",0,0,90,90,90,90"
[13:28:57.644]    BYTES: [20 2C 30 2C 30 2C 39 30 2C 39 30 2C 39 30 2C 39 30 0A] (18 B)
[13:28:57.701] [TX PC -> ESP32 #18]: ",0,0,90,90,90,90"
[13:28:57.703]    BYTES: [20 2C 30 2C 30 2C 39 30 2C 39 30 2C 39 30 2C 39 30 0A] (18 B)
[13:28:57.764] [TX PC -> ESP32 #1]: ",0,0,90,90,90,90"
[13:28:57.766]    BYTES: [20 2C 30 2C 30 2C 39 30 2C 39 30 2C 39 30 2C 39 30 0A] (18 B)
[13:28:57.836] [TX PC -> ESP32 #2]: ",0,0,90,90,90,90"
[13:28:57.838]    BYTES: [20 2C 30 2C 30 2C 39 30 2C 39 30 2C 39 30 2C 39 30 0A] (18 B)
[13:28:57.897] [TX PC -> ESP32 #3]: ",0,0,90,90,90,90"
[13:28:57.898]    BYTES: [20 2C 30 2C 30 2C 39 30 2C 39 30 2C 39 30 2C 39 30 0A] (18 B)
[13:28:57.957] [TX PC -> ESP32 #4]: ",0,0,90,90,90,90"
[13:28:57.957]    BYTES: [20 2C 30 2C 30 2C 39 30 2C 39 30 2C 39 30 2C 39 30 0A] (18 B)
[13:28:58.018] [TX PC -> ESP32 #5]: ",0,0,90,90,90,90"
[13:28:58.020]    BYTES: [20 2C 30 2C 30 2C 39 30 2C 39 30 2C 39 30 2C 39 30 0A] (18 B)
[13:28:58.086] [TX PC -> ESP32 #6]: ",0,0,90,90,90,90"
[13:28:58.086]    BYTES: [20 2C 30 2C 30 2C 39 30 2C 39 30 2C 39 30 2C 39 30 0A] (18 B)
[13:28:58.148] [TX PC -> ESP32 #7]: ",0,0,90,90,90,90"
[13:28:58.148]    BYTES: [20 2C 30 2C 30 2C 39 30 2C 39 30 2C 39 30 2C 39 30 0A] (18 B)
[13:28:58.206] [TX PC -> ESP32 #8]: ",0,0,90,90,90,90"
[13:28:58.209]    BYTES: [20 2C 30 2C 30 2C 39 30 2C 39 30 2C 39 30 2C 39 30 0A] (18 B)
[13:28:58.261] [TX PC -> ESP32 #9]: ",0,0,90,90,90,90"
[13:28:58.261]    BYTES: [20 2C 30 2C 30 2C 39 30 2C 39 30 2C 39 30 2C 39 30 0A] (18 B)
[13:28:58.316] [TX PC -> ESP32 #10]: ",0,0,90,90,90,90"
[13:28:58.316]    BYTES: [20 2C 30 2C 30 2C 39 30 2C 39 30 2C 39 30 2C 39 30 0A] (18 B)
[13:28:58.368] [TX PC -> ESP32 #11]: ",0,0,90,90,90,90"
[13:28:58.368]    BYTES: [20 2C 30 2C 30 2C 39 30 2C 39 30 2C 39 30 2C 39 30 0A] (18 B)
[13:28:58.419] [TX PC -> ESP32 #12]: ",0,0,90,90,90,90"
[13:28:58.419]    BYTES: [20 2C 30 2C 30 2C 39 30 2C 39 30 2C 39 30 2C 39 30 0A] (18 B)
[13:28:58.477] [TX PC -> ESP32 #13]: ",0,0,90,90,90,90"
[13:28:58.479]    BYTES: [20 2C 30 2C 30 2C 39 30 2C 39 30 2C 39 30 2C 39 30 0A] (18 B)
[13:28:58.530] [TX PC -> ESP32 #14]: ",0,0,90,90,90,90"
[13:28:58.530]    BYTES: [20 2C 30 2C 30 2C 39 30 2C 39 30 2C 39 30 2C 39 30 0A] (18 B)
[13:28:58.585] [TX PC -> ESP32 #15]: ",0,0,90,90,90,90"
[13:28:58.586]    BYTES: [20 2C 30 2C 30 2C 39 30 2C 39 30 2C 39 30 2C 39 30 0A] (18 B)
[13:28:58.641] [TX PC -> ESP32 #16]: ",0,0,90,90,90,90"
[13:28:58.641]    BYTES: [20 2C 30 2C 30 2C 39 30 2C 39 30 2C 39 30 2C 39 30 0A] (18 B)
[13:28:58.751] [TX PC -> ESP32 #17]: ",0,0,90,90,90,90"
[13:28:58.754]    BYTES: [20 2C 30 2C 30 2C 39 30 2C 39 30 2C 39 30 2C 39 30 0A] (18 B)
[13:28:58.810] [TX PC -> ESP32 #1]: ",0,0,90,90,90,90"
[13:28:58.812]    BYTES: [20 2C 30 2C 30 2C 39 30 2C 39 30 2C 39 30 2C 39 30 0A] (18 B)
[13:28:58.861] [TX PC -> ESP32 #2]: ",0,0,90,90,90,90"
[13:28:58.867]    BYTES: [20 2C 30 2C 30 2C 39 30 2C 39 30 2C 39 30 2C 39 30 0A] (18 B)
[13:28:58.920] [TX PC -> ESP32 #3]: ",0,0,90,90,90,90"
[13:28:58.920]    BYTES: [20 2C 30 2C 30 2C 39 30 2C 39 30 2C 39 30 2C 39 30 0A] (18 B)
[13:28:58.990] [TX PC -> ESP32 #4]: ",0,0,90,90,90,90"
[13:28:58.992]    BYTES: [20 2C 30 2C 30 2C 39 30 2C 39 30 2C 39 30 2C 39 30 0A] (18 B)
[13:28:59.046] [TX PC -> ESP32 #5]: ",0,0,90,90,90,90"
[13:28:59.046]    BYTES: [20 2C 30 2C 30 2C 39 30 2C 39 30 2C 39 30 2C 39 30 0A] (18 B)
[13:28:59.100] [TX PC -> ESP32 #6]: ",0,0,90,90,90,90"
[13:28:59.100]    BYTES: [20 2C 30 2C 30 2C 39 30 2C 39 30 2C 39 30 2C 39 30 0A] (18 B)
[13:28:59.152] [TX PC -> ESP32 #7]: ",0,0,90,90,90,90"
[13:28:59.152]    BYTES: [20 2C 30 2C 30 2C 39 30 2C 39 30 2C 39 30 2C 39 30 0A] (18 B)
[13:28:59.209] [TX PC -> ESP32 #8]: ",0,0,90,90,90,90"
[13:28:59.211]    BYTES: [20 2C 30 2C 30 2C 39 30 2C 39 30 2C 39 30 2C 39 30 0A] (18 B)
[13:28:59.263] [TX PC -> ESP32 #9]: ",0,0,90,90,90,90"
[13:28:59.263]    BYTES: [20 2C 30 2C 30 2C 39 30 2C 39 30 2C 39 30 2C 39 30 0A] (18 B)
[13:28:59.322] [TX PC -> ESP32 #10]: ",0,0,90,90,90,90"
[13:28:59.322]    BYTES: [20 2C 30 2C 30 2C 39 30 2C 39 30 2C 39 30 2C 39 30 0A] (18 B)
[13:28:59.377] [TX PC -> ESP32 #11]: ",0,0,90,90,90,90"
[13:28:59.377]    BYTES: [20 2C 30 2C 30 2C 39 30 2C 39 30 2C 39 30 2C 39 30 0A] (18 B)
[13:28:59.435] [TX PC -> ESP32 #12]: ",0,0,90,90,90,90"
[13:28:59.436]    BYTES: [20 2C 30 2C 30 2C 39 30 2C 39 30 2C 39 30 2C 39 30 0A] (18 B)
[13:28:59.492] [TX PC -> ESP32 #13]: ",0,0,90,90,90,90"
[13:28:59.494]    BYTES: [20 2C 30 2C 30 2C 39 30 2C 39 30 2C 39 30 2C 39 30 0A] (18 B)
[13:28:59.798] Receptor MKR 1310 conectado en COM5 @ 115200 bps.
[13:28:59.803] [TX PC -> ESP32 #14]: ",0,0,90,90,90,90"
[13:28:59.803]    BYTES: [20 2C 30 2C 30 2C 39 30 2C 39 30 2C 39 30 2C 39 30 0A] (18 B)
[13:28:59.819] [MKR 1310 RX]: [ESTADO_MKR] TotalRx:0 | DescartadosFIFO:0 | Failsafes:1 | SinSenal:44000 ms | Estado:FAILSAFE (Frenado)
[13:28:59.871] [TX PC -> ESP32 #1]: ",0,0,90,90,90,90"
[13:28:59.871]    BYTES: [20 2C 30 2C 30 2C 39 30 2C 39 30 2C 39 30 2C 39 30 0A] (18 B)
[13:28:59.924] [TX PC -> ESP32 #2]: ",0,0,90,90,90,90"
[13:28:59.933]    BYTES: [20 2C 30 2C 30 2C 39 30 2C 39 30 2C 39 30 2C 39 30 0A] (18 B)
[13:28:59.989] [TX PC -> ESP32 #3]: ",0,0,90,90,90,90"
[13:28:59.991]    BYTES: [20 2C 30 2C 30 2C 39 30 2C 39 30 2C 39 30 2C 39 30 0A] (18 B)
[13:29:00.052] [TX PC -> ESP32 #4]: ",0,0,90,90,90,90"
[13:29:00.052]    BYTES: [20 2C 30 2C 30 2C 39 30 2C 39 30 2C 39 30 2C 39 30 0A] (18 B)
[13:29:00.114] [TX PC -> ESP32 #5]: ",0,0,90,90,90,90"
[13:29:00.114]    BYTES: [20 2C 30 2C 30 2C 39 30 2C 39 30 2C 39 30 2C 39 30 0A] (18 B)
[13:29:00.175] [TX PC -> ESP32 #6]: ",0,0,90,90,90,90"
[13:29:00.178]    BYTES: [20 2C 30 2C 30 2C 39 30 2C 39 30 2C 39 30 2C 39 30 0A] (18 B)
[13:29:00.234] [TX PC -> ESP32 #7]: ",0,0,90,90,90,90"
[13:29:00.238]    BYTES: [20 2C 30 2C 30 2C 39 30 2C 39 30 2C 39 30 2C 39 30 0A] (18 B)
[13:29:00.290] [TX PC -> ESP32 #8]: ",0,0,90,90,90,90"
[13:29:00.295]    BYTES: [20 2C 30 2C 30 2C 39 30 2C 39 30 2C 39 30 2C 39 30 0A] (18 B)
[13:29:00.350] [TX PC -> ESP32 #9]: ",0,0,90,90,90,90"
[13:29:00.350]    BYTES: [20 2C 30 2C 30 2C 39 30 2C 39 30 2C 39 30 2C 39 30 0A] (18 B)
[13:29:00.410] [TX PC -> ESP32 #10]: ",0,0,90,90,90,90"
[13:29:00.412]    BYTES: [20 2C 30 2C 30 2C 39 30 2C 39 30 2C 39 30 2C 39 30 0A] (18 B)
[13:29:00.470] [TX PC -> ESP32 #11]: ",0,0,90,90,90,90"
[13:29:00.471]    BYTES: [20 2C 30 2C 30 2C 39 30 2C 39 30 2C 39 30 2C 39 30 0A] (18 B)
[13:29:00.528] [TX PC -> ESP32 #12]: ",0,0,90,90,90,90"
[13:29:00.530]    BYTES: [20 2C 30 2C 30 2C 39 30 2C 39 30 2C 39 30 2C 39 30 0A] (18 B)
[13:29:00.593] [TX PC -> ESP32 #13]: ",0,0,90,90,90,90"
[13:29:00.594]    BYTES: [20 2C 30 2C 30 2C 39 30 2C 39 30 2C 39 30 2C 39 30 0A] (18 B)
[13:29:00.643] [TX PC -> ESP32 #14]: ",0,0,90,90,90,90"
[13:29:00.643]    BYTES: [20 2C 30 2C 30 2C 39 30 2C 39 30 2C 39 30 2C 39 30 0A] (18 B)
[13:29:00.702] [TX PC -> ESP32 #15]: ",0,0,90,90,90,90"
[13:29:00.709]    BYTES: [20 2C 30 2C 30 2C 39 30 2C 39 30 2C 39 30 2C 39 30 0A] (18 B)
[13:29:00.736] [MKR 1310 RX]: [ESTADO_MKR] TotalRx:0 | DescartadosFIFO:0 | Failsafes:1 | SinSenal:45000 ms | Estado:FAILSAFE (Frenado)
[13:29:00.760] [TX PC -> ESP32 #16]: ",0,0,90,90,90,90"
[13:29:00.760]    BYTES: [20 2C 30 2C 30 2C 39 30 2C 39 30 2C 39 30 2C 39 30 0A] (18 B)
[13:29:00.818] [TX PC -> ESP32 #17]: ",0,0,90,90,90,90"
[13:29:00.818]    BYTES: [20 2C 30 2C 30 2C 39 30 2C 39 30 2C 39 30 2C 39 30 0A] (18 B)
[13:29:00.870] [TX PC -> ESP32 #1]: ",0,0,90,90,90,90"
[13:29:00.870]    BYTES: [20 2C 30 2C 30 2C 39 30 2C 39 30 2C 39 30 2C 39 30 0A] (18 B)
[13:29:00.926] [TX PC -> ESP32 #2]: ",0,0,90,90,90,90"
[13:29:00.926]    BYTES: [20 2C 30 2C 30 2C 39 30 2C 39 30 2C 39 30 2C 39 30 0A] (18 B)
[13:29:00.976] [TX PC -> ESP32 #3]: ",0,0,90,90,90,90"
[13:29:00.976]    BYTES: [20 2C 30 2C 30 2C 39 30 2C 39 30 2C 39 30 2C 39 30 0A] (18 B)
[13:29:01.034] [TX PC -> ESP32 #4]: ",0,0,90,90,90,90"
[13:29:01.036]    BYTES: [20 2C 30 2C 30 2C 39 30 2C 39 30 2C 39 30 2C 39 30 0A] (18 B)
[13:29:01.093] [TX PC -> ESP32 #5]: ",0,0,90,90,90,90"
[13:29:01.093]    BYTES: [20 2C 30 2C 30 2C 39 30 2C 39 30 2C 39 30 2C 39 30 0A] (18 B)
[13:29:01.147] [TX PC -> ESP32 #6]: ",0,0,90,90,90,90"
[13:29:01.148]    BYTES: [20 2C 30 2C 30 2C 39 30 2C 39 30 2C 39 30 2C 39 30 0A] (18 B)
[13:29:01.185] [TX PC -> ESP32 #7]: "D,150,150,60,60,120,120"
[13:29:01.185]    BYTES: [44 2C 31 35 30 2C 31 35 30 2C 36 30 2C 36 30 2C 31 32 30 2C 31 32 30 0A] (24 B)
[13:29:01.202] [TX PC -> ESP32 #8]: "D,150,150,60,60,120,120"
[13:29:01.202]    BYTES: [44 2C 31 35 30 2C 31 35 30 2C 36 30 2C 36 30 2C 31 32 30 2C 31 32 30 0A] (24 B)
[13:29:01.260] [TX PC -> ESP32 #9]: "D,150,150,60,60,120,120"
[13:29:01.260]    BYTES: [44 2C 31 35 30 2C 31 35 30 2C 36 30 2C 36 30 2C 31 32 30 2C 31 32 30 0A] (24 B)
[13:29:01.310] [TX PC -> ESP32 #10]: "D,150,150,60,60,120,120"
[13:29:01.310]    BYTES: [44 2C 31 35 30 2C 31 35 30 2C 36 30 2C 36 30 2C 31 32 30 2C 31 32 30 0A] (24 B)
[13:29:01.376] [TX PC -> ESP32 #11]: "D,150,150,60,60,120,120"
[13:29:01.376]    BYTES: [44 2C 31 35 30 2C 31 35 30 2C 36 30 2C 36 30 2C 31 32 30 2C 31 32 30 0A] (24 B)
[13:29:01.435] [TX PC -> ESP32 #12]: "D,150,150,60,60,120,120"
[13:29:01.435]    BYTES: [44 2C 31 35 30 2C 31 35 30 2C 36 30 2C 36 30 2C 31 32 30 2C 31 32 30 0A] (24 B)
[13:29:01.492] [TX PC -> ESP32 #13]: "D,150,150,60,60,120,120"
[13:29:01.493]    BYTES: [44 2C 31 35 30 2C 31 35 30 2C 36 30 2C 36 30 2C 31 32 30 2C 31 32 30 0A] (24 B)
[13:29:01.543] [TX PC -> ESP32 #14]: "D,150,150,60,60,120,120"
[13:29:01.543]    BYTES: [44 2C 31 35 30 2C 31 35 30 2C 36 30 2C 36 30 2C 31 32 30 2C 31 32 30 0A] (24 B)
[13:29:01.603] [TX PC -> ESP32 #15]: "D,150,150,60,60,120,120"
[13:29:01.603]    BYTES: [44 2C 31 35 30 2C 31 35 30 2C 36 30 2C 36 30 2C 31 32 30 2C 31 32 30 0A] (24 B)
[13:29:01.668] [TX PC -> ESP32 #16]: "D,150,150,60,60,120,120"
[13:29:01.668]    BYTES: [44 2C 31 35 30 2C 31 35 30 2C 36 30 2C 36 30 2C 31 32 30 2C 31 32 30 0A] (24 B)
[13:29:01.727] [TX PC -> ESP32 #17]: "D,150,150,60,60,120,120"
[13:29:01.727]    BYTES: [44 2C 31 35 30 2C 31 35 30 2C 36 30 2C 36 30 2C 31 32 30 2C 31 32 30 0A] (24 B)
[13:29:01.735] [MKR 1310 RX]: [ESTADO_MKR] TotalRx:0 | DescartadosFIFO:0 | Failsafes:1 | SinSenal:46000 ms | Estado:FAILSAFE (Frenado)
[13:29:01.777] [TX PC -> ESP32 #18]: ",0,0,90,90,90,90"
[13:29:01.777]    BYTES: [20 2C 30 2C 30 2C 39 30 2C 39 30 2C 39 30 2C 39 30 0A] (18 B)
[13:29:01.785] [TX PC -> ESP32 #19]: ",0,0,90,90,90,90"
[13:29:01.785]    BYTES: [20 2C 30 2C 30 2C 39 30 2C 39 30 2C 39 30 2C 39 30 0A] (18 B)
[13:29:01.834] [TX PC -> ESP32 #20]: ",0,0,90,90,90,90"
[13:29:01.842]    BYTES: [20 2C 30 2C 30 2C 39 30 2C 39 30 2C 39 30 2C 39 30 0A] (18 B)
[13:29:01.910] [TX PC -> ESP32 #1]: ",0,0,90,90,90,90"
[13:29:01.910]    BYTES: [20 2C 30 2C 30 2C 39 30 2C 39 30 2C 39 30 2C 39 30 0A] (18 B)
[13:29:01.967] [TX PC -> ESP32 #2]: ",0,0,90,90,90,90"
[13:29:01.968]    BYTES: [20 2C 30 2C 30 2C 39 30 2C 39 30 2C 39 30 2C 39 30 0A] (18 B)
[13:29:02.027] [TX PC -> ESP32 #3]: ",0,0,90,90,90,90"
[13:29:02.027]    BYTES: [20 2C 30 2C 30 2C 39 30 2C 39 30 2C 39 30 2C 39 30 0A] (18 B)
[13:29:02.077] [TX PC -> ESP32 #4]: ",0,0,90,90,90,90"
[13:29:02.077]    BYTES: [20 2C 30 2C 30 2C 39 30 2C 39 30 2C 39 30 2C 39 30 0A] (18 B)
[13:29:02.143] [TX PC -> ESP32 #5]: ",0,0,90,90,90,90"
[13:29:02.143]    BYTES: [20 2C 30 2C 30 2C 39 30 2C 39 30 2C 39 30 2C 39 30 0A] (18 B)
[13:29:02.202] [TX PC -> ESP32 #6]: ",0,0,90,90,90,90"
[13:29:02.202]    BYTES: [20 2C 30 2C 30 2C 39 30 2C 39 30 2C 39 30 2C 39 30 0A] (18 B)
[13:29:02.268] [TX PC -> ESP32 #7]: ",0,0,90,90,90,90"
[13:29:02.271]    BYTES: [20 2C 30 2C 30 2C 39 30 2C 39 30 2C 39 30 2C 39 30 0A] (18 B)
[13:29:02.327] [TX PC -> ESP32 #8]: ",0,0,90,90,90,90"
[13:29:02.327]    BYTES: [20 2C 30 2C 30 2C 39 30 2C 39 30 2C 39 30 2C 39 30 0A] (18 B)
[13:29:02.394] [TX PC -> ESP32 #9]: ",0,0,90,90,90,90"
[13:29:02.394]    BYTES: [20 2C 30 2C 30 2C 39 30 2C 39 30 2C 39 30 2C 39 30 0A] (18 B)
[13:29:02.467] [TX PC -> ESP32 #10]: ",0,0,90,90,90,90"
[13:29:02.469]    BYTES: [20 2C 30 2C 30 2C 39 30 2C 39 30 2C 39 30 2C 39 30 0A] (18 B)
[13:29:02.502] [TX PC -> ESP32 #11]: "W,150,150,90,90,90,90"
[13:29:02.502]    BYTES: [57 2C 31 35 30 2C 31 35 30 2C 39 30 2C 39 30 2C 39 30 2C 39 30 0A] (22 B)
[13:29:02.523] [TX PC -> ESP32 #12]: "W,150,150,90,90,90,90"
[13:29:02.523]    BYTES: [57 2C 31 35 30 2C 31 35 30 2C 39 30 2C 39 30 2C 39 30 2C 39 30 0A] (22 B)
[13:29:02.576] [TX PC -> ESP32 #13]: "W,150,150,90,90,90,90"
[13:29:02.576]    BYTES: [57 2C 31 35 30 2C 31 35 30 2C 39 30 2C 39 30 2C 39 30 2C 39 30 0A] (22 B)
[13:29:02.643] [TX PC -> ESP32 #14]: "W,150,150,90,90,90,90"
[13:29:02.643]    BYTES: [57 2C 31 35 30 2C 31 35 30 2C 39 30 2C 39 30 2C 39 30 2C 39 30 0A] (22 B)
[13:29:02.702] [TX PC -> ESP32 #15]: "W,150,150,90,90,90,90"
[13:29:02.702]    BYTES: [57 2C 31 35 30 2C 31 35 30 2C 39 30 2C 39 30 2C 39 30 2C 39 30 0A] (22 B)
[13:29:02.737] [MKR 1310 RX]: [ESTADO_MKR] TotalRx:0 | DescartadosFIFO:0 | Failsafes:1 | SinSenal:47000 ms | Estado:FAILSAFE (Frenado)
[13:29:02.760] [TX PC -> ESP32 #16]: "W,150,150,90,90,90,90"
[13:29:02.768]    BYTES: [57 2C 31 35 30 2C 31 35 30 2C 39 30 2C 39 30 2C 39 30 2C 39 30 0A] (22 B)
[13:29:02.809] [TX PC -> ESP32 #17]: "D,150,150,60,60,120,120"
[13:29:02.810]    BYTES: [44 2C 31 35 30 2C 31 35 30 2C 36 30 2C 36 30 2C 31 32 30 2C 31 32 30 0A] (24 B)
[13:29:02.827] [TX PC -> ESP32 #18]: "D,150,150,60,60,120,120"
[13:29:02.827]    BYTES: [44 2C 31 35 30 2C 31 35 30 2C 36 30 2C 36 30 2C 31 32 30 2C 31 32 30 0A] (24 B)
[13:29:02.891] [TX PC -> ESP32 #19]: "D,150,150,60,60,120,120"
[13:29:02.891]    BYTES: [44 2C 31 35 30 2C 31 35 30 2C 36 30 2C 36 30 2C 31 32 30 2C 31 32 30 0A] (24 B)
[13:29:02.960] [TX PC -> ESP32 #1]: "D,150,150,60,60,120,120"
[13:29:02.960]    BYTES: [44 2C 31 35 30 2C 31 35 30 2C 36 30 2C 36 30 2C 31 32 30 2C 31 32 30 0A] (24 B)
[13:29:03.018] [TX PC -> ESP32 #2]: "D,150,150,60,60,120,120"
[13:29:03.018]    BYTES: [44 2C 31 35 30 2C 31 35 30 2C 36 30 2C 36 30 2C 31 32 30 2C 31 32 30 0A] (24 B)
[13:29:03.085] [TX PC -> ESP32 #3]: "D,150,150,60,60,120,120"
[13:29:03.085]    BYTES: [44 2C 31 35 30 2C 31 35 30 2C 36 30 2C 36 30 2C 31 32 30 2C 31 32 30 0A] (24 B)
[13:29:03.145] [TX PC -> ESP32 #4]: "D,150,150,60,60,120,120"
[13:29:03.145]    BYTES: [44 2C 31 35 30 2C 31 35 30 2C 36 30 2C 36 30 2C 31 32 30 2C 31 32 30 0A] (24 B)
[13:29:03.202] [TX PC -> ESP32 #5]: "D,150,150,60,60,120,120"
[13:29:03.202]    BYTES: [44 2C 31 35 30 2C 31 35 30 2C 36 30 2C 36 30 2C 31 32 30 2C 31 32 30 0A] (24 B)
[13:29:03.268] [TX PC -> ESP32 #6]: "D,150,150,60,60,120,120"
[13:29:03.270]    BYTES: [44 2C 31 35 30 2C 31 35 30 2C 36 30 2C 36 30 2C 31 32 30 2C 31 32 30 0A] (24 B)
[13:29:03.326] [TX PC -> ESP32 #7]: "D,150,150,60,60,120,120"
[13:29:03.326]    BYTES: [44 2C 31 35 30 2C 31 35 30 2C 36 30 2C 36 30 2C 31 32 30 2C 31 32 30 0A] (24 B)
[13:29:03.385] [TX PC -> ESP32 #8]: "D,150,150,60,60,120,120"
[13:29:03.387]    BYTES: [44 2C 31 35 30 2C 31 35 30 2C 36 30 2C 36 30 2C 31 32 30 2C 31 32 30 0A] (24 B)
[13:29:03.401] [TX PC -> ESP32 #9]: ",0,0,90,90,90,90"
[13:29:03.401]    BYTES: [20 2C 30 2C 30 2C 39 30 2C 39 30 2C 39 30 2C 39 30 0A] (18 B)
[13:29:03.443] [TX PC -> ESP32 #10]: ",0,0,90,90,90,90"
[13:29:03.443]    BYTES: [20 2C 30 2C 30 2C 39 30 2C 39 30 2C 39 30 2C 39 30 0A] (18 B)
[13:29:03.503] [TX PC -> ESP32 #11]: ",0,0,90,90,90,90"
[13:29:03.503]    BYTES: [20 2C 30 2C 30 2C 39 30 2C 39 30 2C 39 30 2C 39 30 0A] (18 B)
[13:29:03.568] [TX PC -> ESP32 #12]: ",0,0,90,90,90,90"
[13:29:03.568]    BYTES: [20 2C 30 2C 30 2C 39 30 2C 39 30 2C 39 30 2C 39 30 0A] (18 B)
[13:29:03.634] [TX PC -> ESP32 #13]: ",0,0,90,90,90,90"
[13:29:03.636]    BYTES: [20 2C 30 2C 30 2C 39 30 2C 39 30 2C 39 30 2C 39 30 0A] (18 B)
[13:29:03.695] [TX PC -> ESP32 #14]: ",0,0,90,90,90,90"
[13:29:03.697]    BYTES: [20 2C 30 2C 30 2C 39 30 2C 39 30 2C 39 30 2C 39 30 0A] (18 B)
[13:29:03.734] [MKR 1310 RX]: [ESTADO_MKR] TotalRx:0 | DescartadosFIFO:0 | Failsafes:1 | SinSenal:48000 ms | Estado:FAILSAFE (Frenado)
[13:29:03.751] [TX PC -> ESP32 #15]: ",0,0,90,90,90,90"
[13:29:03.751]    BYTES: [20 2C 30 2C 30 2C 39 30 2C 39 30 2C 39 30 2C 39 30 0A] (18 B)
[13:29:03.818] [TX PC -> ESP32 #16]: ",0,0,90,90,90,90"
[13:29:03.818]    BYTES: [20 2C 30 2C 30 2C 39 30 2C 39 30 2C 39 30 2C 39 30 0A] (18 B)
[13:29:03.876] [TX PC -> ESP32 #17]: ",0,0,90,90,90,90"
[13:29:03.876]    BYTES: [20 2C 30 2C 30 2C 39 30 2C 39 30 2C 39 30 2C 39 30 0A] (18 B)
[13:29:03.935] [TX PC -> ESP32 #18]: ",0,0,90,90,90,90"
[13:29:03.935]    BYTES: [20 2C 30 2C 30 2C 39 30 2C 39 30 2C 39 30 2C 39 30 0A] (18 B)
[13:29:03.993] [TX PC -> ESP32 #1]: ",0,0,90,90,90,90"
[13:29:03.993]    BYTES: [20 2C 30 2C 30 2C 39 30 2C 39 30 2C 39 30 2C 39 30 0A] (18 B)
[13:29:04.059] [TX PC -> ESP32 #2]: ",0,0,90,90,90,90"
[13:29:04.061]    BYTES: [20 2C 30 2C 30 2C 39 30 2C 39 30 2C 39 30 2C 39 30 0A] (18 B)
[13:29:04.118] [TX PC -> ESP32 #3]: ",0,0,90,90,90,90"
[13:29:04.119]    BYTES: [20 2C 30 2C 30 2C 39 30 2C 39 30 2C 39 30 2C 39 30 0A] (18 B)
[13:29:04.176] [TX PC -> ESP32 #4]: ",0,0,90,90,90,90"
[13:29:04.176]    BYTES: [20 2C 30 2C 30 2C 39 30 2C 39 30 2C 39 30 2C 39 30 0A] (18 B)
[13:29:04.235] [TX PC -> ESP32 #5]: ",0,0,90,90,90,90"
[13:29:04.235]    BYTES: [20 2C 30 2C 30 2C 39 30 2C 39 30 2C 39 30 2C 39 30 0A] (18 B)
[13:29:04.293] [TX PC -> ESP32 #6]: ",0,0,90,90,90,90"
[13:29:04.296]    BYTES: [20 2C 30 2C 30 2C 39 30 2C 39 30 2C 39 30 2C 39 30 0A] (18 B)
[13:29:04.360] [TX PC -> ESP32 #7]: ",0,0,90,90,90,90"
[13:29:04.360]    BYTES: [20 2C 30 2C 30 2C 39 30 2C 39 30 2C 39 30 2C 39 30 0A] (18 B)
[13:29:04.426] [TX PC -> ESP32 #8]: ",0,0,90,90,90,90"
[13:29:04.426]    BYTES: [20 2C 30 2C 30 2C 39 30 2C 39 30 2C 39 30 2C 39 30 0A] (18 B)
[13:29:04.485] [TX PC -> ESP32 #9]: ",0,0,90,90,90,90"
[13:29:04.485]    BYTES: [20 2C 30 2C 30 2C 39 30 2C 39 30 2C 39 30 2C 39 30 0A] (18 B)
[13:29:04.551] [TX PC -> ESP32 #10]: ",0,0,90,90,90,90"
[13:29:04.551]    BYTES: [20 2C 30 2C 30 2C 39 30 2C 39 30 2C 39 30 2C 39 30 0A] (18 B)
[13:29:04.621] [TX PC -> ESP32 #11]: ",0,0,90,90,90,90"
[13:29:04.621]    BYTES: [20 2C 30 2C 30 2C 39 30 2C 39 30 2C 39 30 2C 39 30 0A] (18 B)
[13:29:04.683] [TX PC -> ESP32 #12]: ",0,0,90,90,90,90"
[13:29:04.683]    BYTES: [20 2C 30 2C 30 2C 39 30 2C 39 30 2C 39 30 2C 39 30 0A] (18 B)
[13:29:04.725] [MKR 1310 RX]: [ESTADO_MKR] TotalRx:0 | DescartadosFIFO:0 | Failsafes:1 | SinSenal:49000 ms | Estado:FAILSAFE (Frenado)
[13:29:04.746] [TX PC -> ESP32 #13]: ",0,0,90,90,90,90"
[13:29:04.746]    BYTES: [20 2C 30 2C 30 2C 39 30 2C 39 30 2C 39 30 2C 39 30 0A] (18 B)
[13:29:04.808] [TX PC -> ESP32 #14]: ",0,0,90,90,90,90"
[13:29:04.808]    BYTES: [20 2C 30 2C 30 2C 39 30 2C 39 30 2C 39 30 2C 39 30 0A] (18 B)
[13:29:04.870] [TX PC -> ESP32 #15]: ",0,0,90,90,90,90"
[13:29:04.870]    BYTES: [20 2C 30 2C 30 2C 39 30 2C 39 30 2C 39 30 2C 39 30 0A] (18 B)
[13:29:04.934] [TX PC -> ESP32 #16]: ",0,0,90,90,90,90"
[13:29:04.936]    BYTES: [20 2C 30 2C 30 2C 39 30 2C 39 30 2C 39 30 2C 39 30 0A] (18 B)
[13:29:04.993] [TX PC -> ESP32 #17]: ",0,0,90,90,90,90"
[13:29:04.993]    BYTES: [20 2C 30 2C 30 2C 39 30 2C 39 30 2C 39 30 2C 39 30 0A] (18 B)
[13:29:05.055] [TX PC -> ESP32 #1]: ",0,0,90,90,90,90"
[13:29:05.055]    BYTES: [20 2C 30 2C 30 2C 39 30 2C 39 30 2C 39 30 2C 39 30 0A] (18 B)
[13:29:05.115] [TX PC -> ESP32 #2]: ",0,0,90,90,90,90"
[13:29:05.115]    BYTES: [20 2C 30 2C 30 2C 39 30 2C 39 30 2C 39 30 2C 39 30 0A] (18 B)
[13:29:05.177] [TX PC -> ESP32 #3]: ",0,0,90,90,90,90"
[13:29:05.177]    BYTES: [20 2C 30 2C 30 2C 39 30 2C 39 30 2C 39 30 2C 39 30 0A] (18 B)
[13:29:05.239] [TX PC -> ESP32 #4]: ",0,0,90,90,90,90"
[13:29:05.239]    BYTES: [20 2C 30 2C 30 2C 39 30 2C 39 30 2C 39 30 2C 39 30 0A] (18 B)
[13:29:05.300] [TX PC -> ESP32 #5]: ",0,0,90,90,90,90"
[13:29:05.300]    BYTES: [20 2C 30 2C 30 2C 39 30 2C 39 30 2C 39 30 2C 39 30 0A] (18 B)
[13:29:05.357] [TX PC -> ESP32 #6]: ",0,0,90,90,90,90"
[13:29:05.359]    BYTES: [20 2C 30 2C 30 2C 39 30 2C 39 30 2C 39 30 2C 39 30 0A] (18 B)
[13:29:05.413] [TX PC -> ESP32 #7]: ",0,0,90,90,90,90"
[13:29:05.413]    BYTES: [20 2C 30 2C 30 2C 39 30 2C 39 30 2C 39 30 2C 39 30 0A] (18 B)
[13:29:05.465] [TX PC -> ESP32 #8]: ",0,0,90,90,90,90"
[13:29:05.465]    BYTES: [20 2C 30 2C 30 2C 39 30 2C 39 30 2C 39 30 2C 39 30 0A] (18 B)
[13:29:05.527] [TX PC -> ESP32 #9]: ",0,0,90,90,90,90"
[13:29:05.527]    BYTES: [20 2C 30 2C 30 2C 39 30 2C 39 30 2C 39 30 2C 39 30 0A] (18 B)
[13:29:05.578] [TX PC -> ESP32 #10]: ",0,0,90,90,90,90"
[13:29:05.578]    BYTES: [20 2C 30 2C 30 2C 39 30 2C 39 30 2C 39 30 2C 39 30 0A] (18 B)
[13:29:05.647] [TX PC -> ESP32 #11]: ",0,0,90,90,90,90"
[13:29:05.657]    BYTES: [20 2C 30 2C 30 2C 39 30 2C 39 30 2C 39 30 2C 39 30 0A] (18 B)
[13:29:05.708] [TX PC -> ESP32 #12]: ",0,0,90,90,90,90"
[13:29:05.708]    BYTES: [20 2C 30 2C 30 2C 39 30 2C 39 30 2C 39 30 2C 39 30 0A] (18 B)
[13:29:05.729] [MKR 1310 RX]: [ESTADO_MKR] TotalRx:0 | DescartadosFIFO:0 | Failsafes:1 | SinSenal:50000 ms | Estado:FAILSAFE (Frenado)
[13:29:05.770] [TX PC -> ESP32 #13]: ",0,0,90,90,90,90"
[13:29:05.770]    BYTES: [20 2C 30 2C 30 2C 39 30 2C 39 30 2C 39 30 2C 39 30 0A] (18 B)
[13:29:05.830] [TX PC -> ESP32 #14]: ",0,0,90,90,90,90"
[13:29:05.830]    BYTES: [20 2C 30 2C 30 2C 39 30 2C 39 30 2C 39 30 2C 39 30 0A] (18 B)
[13:29:05.892] [TX PC -> ESP32 #15]: ",0,0,90,90,90,90"
[13:29:05.892]    BYTES: [20 2C 30 2C 30 2C 39 30 2C 39 30 2C 39 30 2C 39 30 0A] (18 B)
[13:29:05.953] [TX PC -> ESP32 #16]: ",0,0,90,90,90,90"
[13:29:05.953]    BYTES: [20 2C 30 2C 30 2C 39 30 2C 39 30 2C 39 30 2C 39 30 0A] (18 B)
[13:29:06.014] [TX PC -> ESP32 #17]: ",0,0,90,90,90,90"
[13:29:06.014]    BYTES: [20 2C 30 2C 30 2C 39 30 2C 39 30 2C 39 30 2C 39 30 0A] (18 B)
[13:29:06.065] [TX PC -> ESP32 #1]: ",0,0,90,90,90,90"
[13:29:06.065]    BYTES: [20 2C 30 2C 30 2C 39 30 2C 39 30 2C 39 30 2C 39 30 0A] (18 B)
[13:29:06.127] [TX PC -> ESP32 #2]: ",0,0,90,90,90,90"
[13:29:06.127]    BYTES: [20 2C 30 2C 30 2C 39 30 2C 39 30 2C 39 30 2C 39 30 0A] (18 B)
[13:29:06.181] [TX PC -> ESP32 #3]: ",0,0,90,90,90,90"
[13:29:06.184]    BYTES: [20 2C 30 2C 30 2C 39 30 2C 39 30 2C 39 30 2C 39 30 0A] (18 B)
[13:29:06.238] [TX PC -> ESP32 #4]: ",0,0,90,90,90,90"
[13:29:06.238]    BYTES: [20 2C 30 2C 30 2C 39 30 2C 39 30 2C 39 30 2C 39 30 0A] (18 B)
[13:29:06.287] [TX PC -> ESP32 #5]: ",0,0,90,90,90,90"
[13:29:06.287]    BYTES: [20 2C 30 2C 30 2C 39 30 2C 39 30 2C 39 30 2C 39 30 0A] (18 B)
[13:29:06.351] [TX PC -> ESP32 #6]: ",0,0,90,90,90,90"
[13:29:06.353]    BYTES: [20 2C 30 2C 30 2C 39 30 2C 39 30 2C 39 30 2C 39 30 0A] (18 B)
[13:29:06.409] [TX PC -> ESP32 #7]: ",0,0,90,90,90,90"
[13:29:06.409]    BYTES: [20 2C 30 2C 30 2C 39 30 2C 39 30 2C 39 30 2C 39 30 0A] (18 B)
[13:29:06.473] [TX PC -> ESP32 #8]: ",0,0,90,90,90,90"
[13:29:06.476]    BYTES: [20 2C 30 2C 30 2C 39 30 2C 39 30 2C 39 30 2C 39 30 0A] (18 B)
[13:29:06.539] [TX PC -> ESP32 #9]: ",0,0,90,90,90,90"
[13:29:06.539]    BYTES: [20 2C 30 2C 30 2C 39 30 2C 39 30 2C 39 30 2C 39 30 0A] (18 B)
[13:29:06.600] [TX PC -> ESP32 #10]: ",0,0,90,90,90,90"
[13:29:06.601]    BYTES: [20 2C 30 2C 30 2C 39 30 2C 39 30 2C 39 30 2C 39 30 0A] (18 B)
[13:29:06.660] [TX PC -> ESP32 #11]: ",0,0,90,90,90,90"
[13:29:06.660]    BYTES: [20 2C 30 2C 30 2C 39 30 2C 39 30 2C 39 30 2C 39 30 0A] (18 B)
[13:29:06.719] [TX PC -> ESP32 #12]: ",0,0,90,90,90,90"
[13:29:06.719]    BYTES: [20 2C 30 2C 30 2C 39 30 2C 39 30 2C 39 30 2C 39 30 0A] (18 B)
[13:29:06.733] [MKR 1310 RX]: [ESTADO_MKR] TotalRx:0 | DescartadosFIFO:0 | Failsafes:1 | SinSenal:51000 ms | Estado:FAILSAFE (Frenado)
[13:29:07.693] [TX PC -> ESP32 #1]: "D,150,150,60,60,120,120"
[13:29:07.695]    BYTES: [44 2C 31 35 30 2C 31 35 30 2C 36 30 2C 36 30 2C 31 32 30 2C 31 32 30 0A] (24 B)
[13:29:07.748] [MKR 1310 RX]: [ESTADO_MKR] TotalRx:0 | DescartadosFIFO:0 | Failsafes:1 | SinSenal:52000 ms | Estado:FAILSAFE (Frenado)
[13:29:08.372] [TX PC -> ESP32 #1]: "W,150,150,90,90,90,90"
[13:29:08.373]    BYTES: [57 2C 31 35 30 2C 31 35 30 2C 39 30 2C 39 30 2C 39 30 2C 39 30 0A] (22 B)
[13:29:08.732] [MKR 1310 RX]: [ESTADO_MKR] TotalRx:0 | DescartadosFIFO:0 | Failsafes:1 | SinSenal:53000 ms | Estado:FAILSAFE (Frenado)
[13:29:09.052] [TX PC -> ESP32 #2]: ",0,0,90,90,90,90"
[13:29:09.052]    BYTES: [20 2C 30 2C 30 2C 39 30 2C 39 30 2C 39 30 2C 39 30 0A] (18 B)
[13:29:09.724] [MKR 1310 RX]: [ESTADO_MKR] TotalRx:0 | DescartadosFIFO:0 | Failsafes:1 | SinSenal:54000 ms | Estado:FAILSAFE (Frenado)
[13:29:10.732] [MKR 1310 RX]: [ESTADO_MKR] TotalRx:0 | DescartadosFIFO:0 | Failsafes:1 | SinSenal:55000 ms | Estado:FAILSAFE (Frenado)
[13:29:11.733] [MKR 1310 RX]: [ESTADO_MKR] TotalRx:0 | DescartadosFIFO:0 | Failsafes:1 | SinSenal:56000 ms | Estado:FAILSAFE (Frenado)
[13:29:12.731] [MKR 1310 RX]: [ESTADO_MKR] TotalRx:0 | DescartadosFIFO:0 | Failsafes:1 | SinSenal:57000 ms | Estado:FAILSAFE (Frenado)
[13:29:12.732] [TX PC -> ESP32 #1]: "D,150,150,60,60,120,120"
[13:29:12.732]    BYTES: [44 2C 31 35 30 2C 31 35 30 2C 36 30 2C 36 30 2C 31 32 30 2C 31 32 30 0A] (24 B)
[13:29:13.730] [MKR 1310 RX]: [ESTADO_MKR] TotalRx:0 | DescartadosFIFO:0 | Failsafes:1 | SinSenal:58000 ms | Estado:FAILSAFE (Frenado)
[13:29:14.496] [TX PC -> ESP32 #1]: "W,150,150,90,90,90,90"
[13:29:14.496]    BYTES: [57 2C 31 35 30 2C 31 35 30 2C 39 30 2C 39 30 2C 39 30 2C 39 30 0A] (22 B)
[13:29:14.731] [MKR 1310 RX]: [ESTADO_MKR] TotalRx:0 | DescartadosFIFO:0 | Failsafes:1 | SinSenal:59000 ms | Estado:FAILSAFE (Frenado)
[13:29:14.992] [TX PC -> ESP32 #2]: "D,150,150,60,60,120,120"
[13:29:14.995]    BYTES: [44 2C 31 35 30 2C 31 35 30 2C 36 30 2C 36 30 2C 31 32 30 2C 31 32 30 0A] (24 B)
[13:29:15.019] [TX PC -> ESP32 #3]: ",0,0,90,90,90,90"
[13:29:15.019]    BYTES: [20 2C 30 2C 30 2C 39 30 2C 39 30 2C 39 30 2C 39 30 0A] (18 B)
[13:29:15.145] [TX PC -> ESP32 #1]: "S,150,150,90,90,90,90"
[13:29:15.145]    BYTES: [53 2C 31 35 30 2C 31 35 30 2C 39 30 2C 39 30 2C 39 30 2C 39 30 0A] (22 B)
[13:29:15.730] [MKR 1310 RX]: [ESTADO_MKR] TotalRx:0 | DescartadosFIFO:0 | Failsafes:1 | SinSenal:60000 ms | Estado:FAILSAFE (Frenado)
[13:29:15.793] [TX PC -> ESP32 #2]: "D,150,150,60,60,120,120"
[13:29:15.797]    BYTES: [44 2C 31 35 30 2C 31 35 30 2C 36 30 2C 36 30 2C 31 32 30 2C 31 32 30 0A] (24 B)
[13:29:16.570] [TX PC -> ESP32 #1]: ",0,0,90,90,90,90"
[13:29:16.573]    BYTES: [20 2C 30 2C 30 2C 39 30 2C 39 30 2C 39 30 2C 39 30 0A] (18 B)
[13:29:16.730] [MKR 1310 RX]: [ESTADO_MKR] TotalRx:0 | DescartadosFIFO:0 | Failsafes:1 | SinSenal:61000 ms | Estado:FAILSAFE (Frenado)
[13:29:16.739] [TX PC -> ESP32 #2]: "D,150,150,60,60,120,120"
[13:29:16.741]    BYTES: [44 2C 31 35 30 2C 31 35 30 2C 36 30 2C 36 30 2C 31 32 30 2C 31 32 30 0A] (24 B)
[13:29:17.728] [MKR 1310 RX]: [ESTADO_MKR] TotalRx:0 | DescartadosFIFO:0 | Failsafes:1 | SinSenal:62000 ms | Estado:FAILSAFE (Frenado)
[13:29:18.186] [TX PC -> ESP32 #1]: ",0,0,90,90,90,90"
[13:29:18.186]    BYTES: [20 2C 30 2C 30 2C 39 30 2C 39 30 2C 39 30 2C 39 30 0A] (18 B)
[13:29:18.726] [MKR 1310 RX]: [ESTADO_MKR] TotalRx:0 | DescartadosFIFO:0 | Failsafes:1 | SinSenal:63000 ms | Estado:FAILSAFE (Frenado)
[13:29:19.914] [MKR 1310 RX]: [ESTADO_MKR] TotalRx:0 | DescartadosFIFO:0 | Failsafes:1 | SinSenal:64000 ms | Estado:FAILSAFE (Frenado)
[13:29:20.732] [MKR 1310 RX]: [ESTADO_MKR] TotalRx:0 | DescartadosFIFO:0 | Failsafes:1 | SinSenal:65000 ms | Estado:FAILSAFE (Frenado)
[13:29:21.726] [MKR 1310 RX]: [ESTADO_MKR] TotalRx:0 | DescartadosFIFO:0 | Failsafes:1 | SinSenal:66000 ms | Estado:FAILSAFE (Frenado)
[13:29:22.728] [MKR 1310 RX]: [ESTADO_MKR] TotalRx:0 | DescartadosFIFO:0 | Failsafes:1 | SinSenal:67000 ms | Estado:FAILSAFE (Frenado)
[13:29:23.728] [MKR 1310 RX]: [ESTADO_MKR] TotalRx:0 | DescartadosFIFO:0 | Failsafes:1 | SinSenal:68000 ms | Estado:FAILSAFE (Frenado)
[13:29:24.727] [MKR 1310 RX]: [ESTADO_MKR] TotalRx:0 | DescartadosFIFO:0 | Failsafes:1 | SinSenal:69000 ms | Estado:FAILSAFE (Frenado)
[13:29:25.723] [MKR 1310 RX]: [ESTADO_MKR] TotalRx:0 | DescartadosFIFO:0 | Failsafes:1 | SinSenal:70000 ms | Estado:FAILSAFE (Frenado)
[13:29:26.732] [MKR 1310 RX]: [ESTADO_MKR] TotalRx:0 | DescartadosFIFO:0 | Failsafes:1 | SinSenal:71000 ms | Estado:FAILSAFE (Frenado)
[13:29:27.742] [MKR 1310 RX]: [ESTADO_MKR] TotalRx:0 | DescartadosFIFO:0 | Failsafes:1 | SinSenal:72000 ms | Estado:FAILSAFE (Frenado)
[13:29:28.746] [MKR 1310 RX]: [ESTADO_MKR] TotalRx:0 | DescartadosFIFO:0 | Failsafes:1 | SinSenal:73000 ms | Estado:FAILSAFE (Frenado)
[13:29:29.743] [MKR 1310 RX]: [ESTADO_MKR] TotalRx:0 | DescartadosFIFO:0 | Failsafes:1 | SinSenal:74000 ms | Estado:FAILSAFE (Frenado)
[13:29:30.738] [MKR 1310 RX]: [ESTADO_MKR] TotalRx:0 | DescartadosFIFO:0 | Failsafes:1 | SinSenal:75000 ms | Estado:FAILSAFE (Frenado)
[13:29:31.785] [MKR 1310 RX]: [ESTADO_MKR] TotalRx:0 | DescartadosFIFO:0 | Failsafes:1 | SinSenal:76000 ms | Estado:FAILSAFE (Frenado)
[13:29:32.744] [MKR 1310 RX]: [ESTADO_MKR] TotalRx:0 | DescartadosFIFO:0 | Failsafes:1 | SinSenal:77000 ms | Estado:FAILSAFE (Frenado)
[13:29:34.039] [MKR 1310 RX]: [ESTADO_MKR] TotalRx:0 | DescartadosFIFO:0 | Failsafes:1 | SinSenal:78000 ms | Estado:FAILSAFE (Frenado)
[13:29:34.726] [MKR 1310 RX]: [ESTADO_MKR] TotalRx:0 | DescartadosFIFO:0 | Failsafes:1 | SinSenal:79000 ms | Estado:FAILSAFE (Frenado)
[13:29:35.713] [MKR 1310 RX]: [ESTADO_MKR] TotalRx:0 | DescartadosFIFO:0 | Failsafes:1 | SinSenal:80000 ms | Estado:FAILSAFE (Frenado)
[13:29:36.754] [MKR 1310 RX]: [ESTADO_MKR] TotalRx:0 | DescartadosFIFO:0 | Failsafes:1 | SinSenal:81000 ms | Estado:FAILSAFE (Frenado)
[13:29:37.744] [MKR 1310 RX]: [ESTADO_MKR] TotalRx:0 | DescartadosFIFO:0 | Failsafes:1 | SinSenal:82000 ms | Estado:FAILSAFE (Frenado)
[13:29:38.734] [MKR 1310 RX]: [ESTADO_MKR] TotalRx:0 | DescartadosFIFO:0 | Failsafes:1 | SinSenal:83000 ms | Estado:FAILSAFE (Frenado)
[13:29:39.738] [MKR 1310 RX]: [ESTADO_MKR] TotalRx:0 | DescartadosFIFO:0 | Failsafes:1 | SinSenal:84000 ms | Estado:FAILSAFE (Frenado)
[13:29:40.720] [MKR 1310 RX]: [ESTADO_MKR] TotalRx:0 | DescartadosFIFO:0 | Failsafes:1 | SinSenal:85000 ms | Estado:FAILSAFE (Frenado)
[13:29:41.741] [MKR 1310 RX]: [ESTADO_MKR] TotalRx:0 | DescartadosFIFO:0 | Failsafes:1 | SinSenal:86000 ms | Estado:FAILSAFE (Frenado)
[13:29:42.722] [MKR 1310 RX]: [ESTADO_MKR] TotalRx:0 | DescartadosFIFO:0 | Failsafes:1 | SinSenal:87000 ms | Estado:FAILSAFE (Frenado)
[13:29:43.722] [MKR 1310 RX]: [ESTADO_MKR] TotalRx:0 | DescartadosFIFO:0 | Failsafes:1 | SinSenal:88000 ms | Estado:FAILSAFE (Frenado)
[13:29:44.720] [MKR 1310 RX]: [ESTADO_MKR] TotalRx:0 | DescartadosFIFO:0 | Failsafes:1 | SinSenal:89000 ms | Estado:FAILSAFE (Frenado)
[13:29:44.722] [TX PC -> ESP32 #1]: "D,150,150,60,60,120,120"
[13:29:44.725]    BYTES: [44 2C 31 35 30 2C 31 35 30 2C 36 30 2C 36 30 2C 31 32 30 2C 31 32 30 0A] (24 B)
[13:29:45.530] [TX PC -> ESP32 #1]: ",0,0,90,90,90,90"
[13:29:45.530]    BYTES: [20 2C 30 2C 30 2C 39 30 2C 39 30 2C 39 30 2C 39 30 0A] (18 B)
[13:29:45.716] [MKR 1310 RX]: [ESTADO_MKR] TotalRx:0 | DescartadosFIFO:0 | Failsafes:1 | SinSenal:90000 ms | Estado:FAILSAFE (Frenado)
[13:29:46.711] [MKR 1310 RX]: [ESTADO_MKR] TotalRx:0 | DescartadosFIFO:0 | Failsafes:1 | SinSenal:91000 ms | Estado:FAILSAFE (Frenado)
[13:29:47.720] [MKR 1310 RX]: [ESTADO_MKR] TotalRx:0 | DescartadosFIFO:0 | Failsafes:1 | SinSenal:92000 ms | Estado:FAILSAFE (Frenado)
[13:29:48.404] [TX PC -> ESP32 #1]: "W,150,150,90,90,90,90"
[13:29:48.406]    BYTES: [57 2C 31 35 30 2C 31 35 30 2C 39 30 2C 39 30 2C 39 30 2C 39 30 0A] (22 B)
[13:29:48.577] [TX PC -> ESP32 #1]: "D,150,150,60,60,120,120"
[13:29:48.577]    BYTES: [44 2C 31 35 30 2C 31 35 30 2C 36 30 2C 36 30 2C 31 32 30 2C 31 32 30 0A] (24 B)
[13:29:48.720] [MKR 1310 RX]: [ESTADO_MKR] TotalRx:0 | DescartadosFIFO:0 | Failsafes:1 | SinSenal:93000 ms | Estado:FAILSAFE (Frenado)
[13:29:48.980] [TX PC -> ESP32 #2]: ",0,0,90,90,90,90"
[13:29:48.984]    BYTES: [20 2C 30 2C 30 2C 39 30 2C 39 30 2C 39 30 2C 39 30 0A] (18 B)
[13:29:49.719] [MKR 1310 RX]: [ESTADO_MKR] TotalRx:0 | DescartadosFIFO:0 | Failsafes:1 | SinSenal:94000 ms | Estado:FAILSAFE (Frenado)
[13:29:50.336] [TX PC -> ESP32 #1]: "D,150,150,60,60,120,120"
[13:29:50.338]    BYTES: [44 2C 31 35 30 2C 31 35 30 2C 36 30 2C 36 30 2C 31 32 30 2C 31 32 30 0A] (24 B)
[13:29:50.410] [TX PC -> ESP32 #2]: "W,150,150,90,90,90,90"
[13:29:50.413]    BYTES: [57 2C 31 35 30 2C 31 35 30 2C 39 30 2C 39 30 2C 39 30 2C 39 30 0A] (22 B)
[13:29:50.576] [TX PC -> ESP32 #3]: ",0,0,90,90,90,90"
[13:29:50.576]    BYTES: [20 2C 30 2C 30 2C 39 30 2C 39 30 2C 39 30 2C 39 30 0A] (18 B)
[13:29:50.694] [TX PC -> ESP32 #1]: "D,150,150,60,60,120,120"
[13:29:50.694]    BYTES: [44 2C 31 35 30 2C 31 35 30 2C 36 30 2C 36 30 2C 31 32 30 2C 31 32 30 0A] (24 B)
[13:29:50.719] [MKR 1310 RX]: [ESTADO_MKR] TotalRx:0 | DescartadosFIFO:0 | Failsafes:1 | SinSenal:95000 ms | Estado:FAILSAFE (Frenado)
[13:29:50.765] [TX PC -> ESP32 #2]: "W,150,150,90,90,90,90"
[13:29:50.768]    BYTES: [57 2C 31 35 30 2C 31 35 30 2C 39 30 2C 39 30 2C 39 30 2C 39 30 0A] (22 B)
[13:29:50.867] [TX PC -> ESP32 #3]: ",0,0,90,90,90,90"
[13:29:50.867]    BYTES: [20 2C 30 2C 30 2C 39 30 2C 39 30 2C 39 30 2C 39 30 0A] (18 B)
[13:29:50.944] [TX PC -> ESP32 #4]: "D,150,150,60,60,120,120"
[13:29:50.944]    BYTES: [44 2C 31 35 30 2C 31 35 30 2C 36 30 2C 36 30 2C 31 32 30 2C 31 32 30 0A] (24 B)
[13:29:50.944] [TX PC -> ESP32 #5]: "W,150,150,90,90,90,90"
[13:29:50.949]    BYTES: [57 2C 31 35 30 2C 31 35 30 2C 39 30 2C 39 30 2C 39 30 2C 39 30 0A] (22 B)
[13:29:51.071] [TX PC -> ESP32 #6]: ",0,0,90,90,90,90"
[13:29:51.071]    BYTES: [20 2C 30 2C 30 2C 39 30 2C 39 30 2C 39 30 2C 39 30 0A] (18 B)
[13:29:51.610] [TX PC -> ESP32 #7]: "D,150,150,60,60,120,120"
[13:29:51.618]    BYTES: [44 2C 31 35 30 2C 31 35 30 2C 36 30 2C 36 30 2C 31 32 30 2C 31 32 30 0A] (24 B)
[13:29:51.726] [MKR 1310 RX]: [ESTADO_MKR] TotalRx:0 | DescartadosFIFO:0 | Failsafes:1 | SinSenal:96000 ms | Estado:FAILSAFE (Frenado)
[13:29:51.869] [TX PC -> ESP32 #1]: ",0,0,90,90,90,90"
[13:29:51.869]    BYTES: [20 2C 30 2C 30 2C 39 30 2C 39 30 2C 39 30 2C 39 30 0A] (18 B)
[13:29:52.004] [TX PC -> ESP32 #2]: "A,150,150,120,120,60,60"
[13:29:52.006]    BYTES: [41 2C 31 35 30 2C 31 35 30 2C 31 32 30 2C 31 32 30 2C 36 30 2C 36 30 0A] (24 B)
[13:29:52.121] [TX PC -> ESP32 #3]: "W,150,150,90,90,90,90"
[13:29:52.122]    BYTES: [57 2C 31 35 30 2C 31 35 30 2C 39 30 2C 39 30 2C 39 30 2C 39 30 0A] (22 B)
[13:29:52.268] [TX PC -> ESP32 #4]: ",0,0,90,90,90,90"
[13:29:52.269]    BYTES: [20 2C 30 2C 30 2C 39 30 2C 39 30 2C 39 30 2C 39 30 0A] (18 B)
[13:29:52.288] [TX PC -> ESP32 #5]: "D,150,150,60,60,120,120"
[13:29:52.288]    BYTES: [44 2C 31 35 30 2C 31 35 30 2C 36 30 2C 36 30 2C 31 32 30 2C 31 32 30 0A] (24 B)
[13:29:52.413] [TX PC -> ESP32 #6]: ",0,0,90,90,90,90"
[13:29:52.417]    BYTES: [20 2C 30 2C 30 2C 39 30 2C 39 30 2C 39 30 2C 39 30 0A] (18 B)
[13:29:52.715] [MKR 1310 RX]: [ESTADO_MKR] TotalRx:0 | DescartadosFIFO:0 | Failsafes:1 | SinSenal:97000 ms | Estado:FAILSAFE (Frenado)
[13:29:52.985] [TX PC -> ESP32 #1]: ",0,0,90,90,90,90"
[13:29:52.988]    BYTES: [20 2C 30 2C 30 2C 39 30 2C 39 30 2C 39 30 2C 39 30 0A] (18 B)
[13:29:52.988] [TX PC -> ESP32 #2]: "PIVOT_IZQ,150,150,135,45,45,135"
[13:29:52.992]    BYTES: [50 49 56 4F 54 5F 49 5A 51 2C 31 35 30 2C 31 35 30 2C 31 33 35 2C 34 35 2C 34 35 2C 31 33 35 0A] (32 B)
[13:29:53.122] [TX PC -> ESP32 #3]: ",0,0,90,90,90,90"
[13:29:53.122]    BYTES: [20 2C 30 2C 30 2C 39 30 2C 39 30 2C 39 30 2C 39 30 0A] (18 B)
[13:29:53.369] [TX PC -> ESP32 #4]: ",0,0,90,90,90,90"
[13:29:53.369]    BYTES: [20 2C 30 2C 30 2C 39 30 2C 39 30 2C 39 30 2C 39 30 0A] (18 B)
[13:29:53.369] [TX PC -> ESP32 #5]: "PIVOT_DER,150,150,135,45,45,135"
[13:29:53.369]    BYTES: [50 49 56 4F 54 5F 44 45 52 2C 31 35 30 2C 31 35 30 2C 31 33 35 2C 34 35 2C 34 35 2C 31 33 35 0A] (32 B)
[13:29:53.523] [TX PC -> ESP32 #6]: ",0,0,90,90,90,90"
[13:29:53.532]    BYTES: [20 2C 30 2C 30 2C 39 30 2C 39 30 2C 39 30 2C 39 30 0A] (18 B)
[13:29:53.712] [MKR 1310 RX]: [ESTADO_MKR] TotalRx:0 | DescartadosFIFO:0 | Failsafes:1 | SinSenal:98000 ms | Estado:FAILSAFE (Frenado)
[13:29:54.709] [MKR 1310 RX]: [ESTADO_MKR] TotalRx:0 | DescartadosFIFO:0 | Failsafes:1 | SinSenal:99000 ms | Estado:FAILSAFE (Frenado)
[13:29:55.716] [MKR 1310 RX]: [ESTADO_MKR] TotalRx:0 | DescartadosFIFO:0 | Failsafes:1 | SinSenal:100000 ms | Estado:FAILSAFE (Frenado)
[13:29:56.715] [MKR 1310 RX]: [ESTADO_MKR] TotalRx:0 | DescartadosFIFO:0 | Failsafes:1 | SinSenal:101000 ms | Estado:FAILSAFE (Frenado)
[13:29:57.715] [MKR 1310 RX]: [ESTADO_MKR] TotalRx:0 | DescartadosFIFO:0 | Failsafes:1 | SinSenal:102000 ms | Estado:FAILSAFE (Frenado)
[13:29:58.715] [MKR 1310 RX]: [ESTADO_MKR] TotalRx:0 | DescartadosFIFO:0 | Failsafes:1 | SinSenal:103000 ms | Estado:FAILSAFE (Frenado)
[13:29:59.715] [MKR 1310 RX]: [ESTADO_MKR] TotalRx:0 | DescartadosFIFO:0 | Failsafes:1 | SinSenal:104000 ms | Estado:FAILSAFE (Frenado)
[13:30:00.717] [MKR 1310 RX]: [ESTADO_MKR] TotalRx:0 | DescartadosFIFO:0 | Failsafes:1 | SinSenal:105000 ms | Estado:FAILSAFE (Frenado)
[13:30:01.718] [MKR 1310 RX]: [ESTADO_MKR] TotalRx:0 | DescartadosFIFO:0 | Failsafes:1 | SinSenal:106000 ms | Estado:FAILSAFE (Frenado)
[13:30:02.713] [MKR 1310 RX]: [ESTADO_MKR] TotalRx:0 | DescartadosFIFO:0 | Failsafes:1 | SinSenal:107000 ms | Estado:FAILSAFE (Frenado)
[13:30:03.711] [MKR 1310 RX]: [ESTADO_MKR] TotalRx:0 | DescartadosFIFO:0 | Failsafes:1 | SinSenal:108000 ms | Estado:FAILSAFE (Frenado)
[13:30:04.712] [MKR 1310 RX]: [ESTADO_MKR] TotalRx:0 | DescartadosFIFO:0 | Failsafes:1 | SinSenal:109000 ms | Estado:FAILSAFE (Frenado)
[13:30:05.714] [MKR 1310 RX]: [ESTADO_MKR] TotalRx:0 | DescartadosFIFO:0 | Failsafes:1 | SinSenal:110000 ms | Estado:FAILSAFE (Frenado)
[13:30:06.707] [MKR 1310 RX]: [ESTADO_MKR] TotalRx:0 | DescartadosFIFO:0 | Failsafes:1 | SinSenal:111000 ms | Estado:FAILSAFE (Frenado)
[13:30:07.713] [MKR 1310 RX]: [ESTADO_MKR] TotalRx:0 | DescartadosFIFO:0 | Failsafes:1 | SinSenal:112000 ms | Estado:FAILSAFE (Frenado)
[13:30:08.712] [MKR 1310 RX]: [ESTADO_MKR] TotalRx:0 | DescartadosFIFO:0 | Failsafes:1 | SinSenal:113000 ms | Estado:FAILSAFE (Frenado)
[13:30:09.712] [MKR 1310 RX]: [ESTADO_MKR] TotalRx:0 | DescartadosFIFO:0 | Failsafes:1 | SinSenal:114000 ms | Estado:FAILSAFE (Frenado)
[13:30:10.711] [MKR 1310 RX]: [ESTADO_MKR] TotalRx:0 | DescartadosFIFO:0 | Failsafes:1 | SinSenal:115000 ms | Estado:FAILSAFE (Frenado)
[13:30:10.735] [TX PC -> ESP32 #1]: "D,150,150,60,60,120,120"
[13:30:10.735]    BYTES: [44 2C 31 35 30 2C 31 35 30 2C 36 30 2C 36 30 2C 31 32 30 2C 31 32 30 0A] (24 B)
[13:30:10.918] [TX PC -> ESP32 #2]: ",0,0,90,90,90,90"
[13:30:10.918]    BYTES: [20 2C 30 2C 30 2C 39 30 2C 39 30 2C 39 30 2C 39 30 0A] (18 B)
[13:30:10.926] [TX PC -> ESP32 #3]: "W,150,150,90,90,90,90"
[13:30:10.928]    BYTES: [57 2C 31 35 30 2C 31 35 30 2C 39 30 2C 39 30 2C 39 30 2C 39 30 0A] (22 B)
[13:30:11.066] [TX PC -> ESP32 #4]: "D,150,150,60,60,120,120"
[13:30:11.067]    BYTES: [44 2C 31 35 30 2C 31 35 30 2C 36 30 2C 36 30 2C 31 32 30 2C 31 32 30 0A] (24 B)
[13:30:11.183] [TX PC -> ESP32 #1]: "W,150,150,90,90,90,90"
[13:30:11.183]    BYTES: [57 2C 31 35 30 2C 31 35 30 2C 39 30 2C 39 30 2C 39 30 2C 39 30 0A] (22 B)
[13:30:11.301] [TX PC -> ESP32 #2]: "D,150,150,60,60,120,120"
[13:30:11.305]    BYTES: [44 2C 31 35 30 2C 31 35 30 2C 36 30 2C 36 30 2C 31 32 30 2C 31 32 30 0A] (24 B)
[13:30:11.398] [TX PC -> ESP32 #3]: "W,150,150,90,90,90,90"
[13:30:11.398]    BYTES: [57 2C 31 35 30 2C 31 35 30 2C 39 30 2C 39 30 2C 39 30 2C 39 30 0A] (22 B)
[13:30:11.611] [TX PC -> ESP32 #4]: "D,150,150,60,60,120,120"
[13:30:11.611]    BYTES: [44 2C 31 35 30 2C 31 35 30 2C 36 30 2C 36 30 2C 31 32 30 2C 31 32 30 0A] (24 B)
[13:30:11.628] [TX PC -> ESP32 #5]: ",0,0,90,90,90,90"
[13:30:11.628]    BYTES: [20 2C 30 2C 30 2C 39 30 2C 39 30 2C 39 30 2C 39 30 0A] (18 B)
[13:30:11.686] [TX PC -> ESP32 #6]: "D,150,150,60,60,120,120"
[13:30:11.686]    BYTES: [44 2C 31 35 30 2C 31 35 30 2C 36 30 2C 36 30 2C 31 32 30 2C 31 32 30 0A] (24 B)
[13:30:11.743] [MKR 1310 RX]: [ESTADO_MKR] TotalRx:0 | DescartadosFIFO:0 | Failsafes:1 | SinSenal:116000 ms | Estado:FAILSAFE (Frenado)
[13:30:11.830] [TX PC -> ESP32 #7]: ",0,0,90,90,90,90"
[13:30:11.830]    BYTES: [20 2C 30 2C 30 2C 39 30 2C 39 30 2C 39 30 2C 39 30 0A] (18 B)
[13:30:11.905] [TX PC -> ESP32 #8]: "D,150,150,60,60,120,120"
[13:30:11.905]    BYTES: [44 2C 31 35 30 2C 31 35 30 2C 36 30 2C 36 30 2C 31 32 30 2C 31 32 30 0A] (24 B)
[13:30:12.004] [TX PC -> ESP32 #9]: ",0,0,90,90,90,90"
[13:30:12.004]    BYTES: [20 2C 30 2C 30 2C 39 30 2C 39 30 2C 39 30 2C 39 30 0A] (18 B)
[13:30:12.179] [TX PC -> ESP32 #1]: "D,150,150,60,60,120,120"
[13:30:12.179]    BYTES: [44 2C 31 35 30 2C 31 35 30 2C 36 30 2C 36 30 2C 31 32 30 2C 31 32 30 0A] (24 B)
[13:30:12.261] [TX PC -> ESP32 #2]: ",0,0,90,90,90,90"
[13:30:12.263]    BYTES: [20 2C 30 2C 30 2C 39 30 2C 39 30 2C 39 30 2C 39 30 0A] (18 B)
[13:30:12.381] [TX PC -> ESP32 #3]: "D,150,150,60,60,120,120"
[13:30:12.381]    BYTES: [44 2C 31 35 30 2C 31 35 30 2C 36 30 2C 36 30 2C 31 32 30 2C 31 32 30 0A] (24 B)
[13:30:12.482] [TX PC -> ESP32 #4]: ",0,0,90,90,90,90"
[13:30:12.482]    BYTES: [20 2C 30 2C 30 2C 39 30 2C 39 30 2C 39 30 2C 39 30 0A] (18 B)
[13:30:12.501] [TX PC -> ESP32 #5]: "A,150,150,120,120,60,60"
[13:30:12.501]    BYTES: [41 2C 31 35 30 2C 31 35 30 2C 31 32 30 2C 31 32 30 2C 36 30 2C 36 30 0A] (24 B)
[13:30:12.627] [TX PC -> ESP32 #6]: "W,150,150,90,90,90,90"
[13:30:12.629]    BYTES: [57 2C 31 35 30 2C 31 35 30 2C 39 30 2C 39 30 2C 39 30 2C 39 30 0A] (22 B)
[13:30:12.729] [MKR 1310 RX]: [ESTADO_MKR] TotalRx:0 | DescartadosFIFO:0 | Failsafes:1 | SinSenal:117000 ms | Estado:FAILSAFE (Frenado)
[13:30:12.795] [TX PC -> ESP32 #7]: ",0,0,90,90,90,90"
[13:30:12.795]    BYTES: [20 2C 30 2C 30 2C 39 30 2C 39 30 2C 39 30 2C 39 30 0A] (18 B)
[13:30:12.892] [TX PC -> ESP32 #8]: "D,150,150,60,60,120,120"
[13:30:12.894]    BYTES: [44 2C 31 35 30 2C 31 35 30 2C 36 30 2C 36 30 2C 31 32 30 2C 31 32 30 0A] (24 B)
[13:30:13.014] [TX PC -> ESP32 #9]: ",0,0,90,90,90,90"
[13:30:13.015]    BYTES: [20 2C 30 2C 30 2C 39 30 2C 39 30 2C 39 30 2C 39 30 0A] (18 B)
[13:30:13.702] [MKR 1310 RX]: [ESTADO_MKR] TotalRx:0 | DescartadosFIFO:0 | Failsafes:1 | SinSenal:118000 ms | Estado:FAILSAFE (Frenado)
[13:30:14.293] [TX PC -> ESP32 #1]: "D,150,150,60,60,120,120"
[13:30:14.301]    BYTES: [44 2C 31 35 30 2C 31 35 30 2C 36 30 2C 36 30 2C 31 32 30 2C 31 32 30 0A] (24 B)
[13:30:14.711] [MKR 1310 RX]: [ESTADO_MKR] TotalRx:0 | DescartadosFIFO:0 | Failsafes:1 | SinSenal:119000 ms | Estado:FAILSAFE (Frenado)
[13:30:15.319] [TX PC -> ESP32 #1]: ",0,0,90,90,90,90"
[13:30:15.321]    BYTES: [20 2C 30 2C 30 2C 39 30 2C 39 30 2C 39 30 2C 39 30 0A] (18 B)
[13:30:15.469] [TX PC -> ESP32 #2]: "D,150,150,60,60,120,120"
[13:30:15.469]    BYTES: [44 2C 31 35 30 2C 31 35 30 2C 36 30 2C 36 30 2C 31 32 30 2C 31 32 30 0A] (24 B)
[13:30:15.710] [MKR 1310 RX]: [ESTADO_MKR] TotalRx:0 | DescartadosFIFO:0 | Failsafes:1 | SinSenal:120000 ms | Estado:FAILSAFE (Frenado)
[13:30:15.785] [TX PC -> ESP32 #3]: ",0,0,90,90,90,90"
[13:30:15.785]    BYTES: [20 2C 30 2C 30 2C 39 30 2C 39 30 2C 39 30 2C 39 30 0A] (18 B)
[13:30:15.969] [TX PC -> ESP32 #4]: "D,150,150,60,60,120,120"
[13:30:15.969]    BYTES: [44 2C 31 35 30 2C 31 35 30 2C 36 30 2C 36 30 2C 31 32 30 2C 31 32 30 0A] (24 B)
[13:30:16.583] [TX PC -> ESP32 #1]: ",0,0,90,90,90,90"
[13:30:16.585]    BYTES: [20 2C 30 2C 30 2C 39 30 2C 39 30 2C 39 30 2C 39 30 0A] (18 B)
[13:30:16.711] [MKR 1310 RX]: [ESTADO_MKR] TotalRx:0 | DescartadosFIFO:0 | Failsafes:1 | SinSenal:121000 ms | Estado:FAILSAFE (Frenado)
[13:30:17.138] [TX PC -> ESP32 #2]: "W,150,150,90,90,90,90"
[13:30:17.138]    BYTES: [57 2C 31 35 30 2C 31 35 30 2C 39 30 2C 39 30 2C 39 30 2C 39 30 0A] (22 B)
[13:30:17.309] [TX PC -> ESP32 #1]: "D,150,150,60,60,120,120"
[13:30:17.309]    BYTES: [44 2C 31 35 30 2C 31 35 30 2C 36 30 2C 36 30 2C 31 32 30 2C 31 32 30 0A] (24 B)
[13:30:17.576] [TX PC -> ESP32 #2]: "S,150,150,90,90,90,90"
[13:30:17.576]    BYTES: [53 2C 31 35 30 2C 31 35 30 2C 39 30 2C 39 30 2C 39 30 2C 39 30 0A] (22 B)
[13:30:17.710] [MKR 1310 RX]: [ESTADO_MKR] TotalRx:0 | DescartadosFIFO:0 | Failsafes:1 | SinSenal:122000 ms | Estado:FAILSAFE (Frenado)
[13:30:17.884] [TX PC -> ESP32 #3]: "D,150,150,60,60,120,120"
[13:30:17.885]    BYTES: [44 2C 31 35 30 2C 31 35 30 2C 36 30 2C 36 30 2C 31 32 30 2C 31 32 30 0A] (24 B)
[13:30:18.005] [TX PC -> ESP32 #4]: "A,150,150,120,120,60,60"
[13:30:18.008]    BYTES: [41 2C 31 35 30 2C 31 35 30 2C 31 32 30 2C 31 32 30 2C 36 30 2C 36 30 0A] (24 B)
[13:30:18.192] [TX PC -> ESP32 #5]: "D,150,150,60,60,120,120"
[13:30:18.199]    BYTES: [44 2C 31 35 30 2C 31 35 30 2C 36 30 2C 36 30 2C 31 32 30 2C 31 32 30 0A] (24 B)
[13:30:18.294] [TX PC -> ESP32 #1]: "A,150,150,120,120,60,60"
[13:30:18.294]    BYTES: [41 2C 31 35 30 2C 31 35 30 2C 31 32 30 2C 31 32 30 2C 36 30 2C 36 30 0A] (24 B)
[13:30:18.394] [TX PC -> ESP32 #2]: ",0,0,90,90,90,90"
[13:30:18.394]    BYTES: [20 2C 30 2C 30 2C 39 30 2C 39 30 2C 39 30 2C 39 30 0A] (18 B)
[13:30:18.710] [MKR 1310 RX]: [ESTADO_MKR] TotalRx:0 | DescartadosFIFO:0 | Failsafes:1 | SinSenal:123000 ms | Estado:FAILSAFE (Frenado)
[13:30:19.702] [MKR 1310 RX]: [ESTADO_MKR] TotalRx:0 | DescartadosFIFO:0 | Failsafes:1 | SinSenal:124000 ms | Estado:FAILSAFE (Frenado)
[13:30:20.708] [MKR 1310 RX]: [ESTADO_MKR] TotalRx:0 | DescartadosFIFO:0 | Failsafes:1 | SinSenal:125000 ms | Estado:FAILSAFE (Frenado)
[13:30:21.711] [MKR 1310 RX]: [ESTADO_MKR] TotalRx:0 | DescartadosFIFO:0 | Failsafes:1 | SinSenal:126000 ms | Estado:FAILSAFE (Frenado)
[13:31:05.345] [TX PC -> ESP32 #1]: "D,150,150,60,60,120,120"
[13:31:05.348]    BYTES: [44 2C 31 35 30 2C 31 35 30 2C 36 30 2C 36 30 2C 31 32 30 2C 31 32 30 0A] (24 B)
[13:31:05.367] [TX PC -> ESP32 #2]: "W,150,150,90,90,90,90"
[13:31:05.371]    BYTES: [57 2C 31 35 30 2C 31 35 30 2C 39 30 2C 39 30 2C 39 30 2C 39 30 0A] (22 B)
[13:31:05.622] [TX PC -> ESP32 #3]: ",0,0,90,90,90,90"
[13:31:05.627]    BYTES: [20 2C 30 2C 30 2C 39 30 2C 39 30 2C 39 30 2C 39 30 0A] (18 B)
[13:32:22.339] Puerto RX (MKR 1310) desconectado.
[13:32:23.473] Receptor MKR 1310 conectado en COM5 @ 115200 bps.
[13:32:23.804] [MKR 1310 RX]: [ESTADO_MKR] TotalRx:0 | DescartadosFIFO:0 | Failsafes:1 | SinSenal:119000 ms | Estado:FAILSAFE (Frenado)
[13:32:24.806] [MKR 1310 RX]: [ESTADO_MKR] TotalRx:0 | DescartadosFIFO:0 | Failsafes:1 | SinSenal:120000 ms | Estado:FAILSAFE (Frenado)
[13:32:25.803] [MKR 1310 RX]: [ESTADO_MKR] TotalRx:0 | DescartadosFIFO:0 | Failsafes:1 | SinSenal:121000 ms | Estado:FAILSAFE (Frenado)
[13:32:26.806] [MKR 1310 RX]: [ESTADO_MKR] TotalRx:0 | DescartadosFIFO:0 | Failsafes:1 | SinSenal:122000 ms | Estado:FAILSAFE (Frenado)
[13:32:27.171] [TX PC -> ESP32 #1]: ",0,0,90,90,90,90"
[13:32:27.171]    BYTES: [20 2C 30 2C 30 2C 39 30 2C 39 30 2C 39 30 2C 39 30 0A] (18 B)
[13:32:27.234] [TX PC -> ESP32 #2]: ",0,0,90,90,90,90"
[13:32:27.234]    BYTES: [20 2C 30 2C 30 2C 39 30 2C 39 30 2C 39 30 2C 39 30 0A] (18 B)
[13:32:27.294] [TX PC -> ESP32 #3]: ",0,0,90,90,90,90"
[13:32:27.298]    BYTES: [20 2C 30 2C 30 2C 39 30 2C 39 30 2C 39 30 2C 39 30 0A] (18 B)
[13:32:27.357] [TX PC -> ESP32 #4]: ",0,0,90,90,90,90"
[13:32:27.358]    BYTES: [20 2C 30 2C 30 2C 39 30 2C 39 30 2C 39 30 2C 39 30 0A] (18 B)
[13:32:27.417] [TX PC -> ESP32 #5]: ",0,0,90,90,90,90"
[13:32:27.419]    BYTES: [20 2C 30 2C 30 2C 39 30 2C 39 30 2C 39 30 2C 39 30 0A] (18 B)
[13:32:27.478] [TX PC -> ESP32 #6]: ",0,0,90,90,90,90"
[13:32:27.481]    BYTES: [20 2C 30 2C 30 2C 39 30 2C 39 30 2C 39 30 2C 39 30 0A] (18 B)
[13:32:27.540] [TX PC -> ESP32 #7]: ",0,0,90,90,90,90"
[13:32:27.540]    BYTES: [20 2C 30 2C 30 2C 39 30 2C 39 30 2C 39 30 2C 39 30 0A] (18 B)
[13:32:27.603] [TX PC -> ESP32 #8]: ",0,0,90,90,90,90"
[13:32:27.603]    BYTES: [20 2C 30 2C 30 2C 39 30 2C 39 30 2C 39 30 2C 39 30 0A] (18 B)
[13:32:27.667] [TX PC -> ESP32 #9]: ",0,0,90,90,90,90"
[13:32:27.669]    BYTES: [20 2C 30 2C 30 2C 39 30 2C 39 30 2C 39 30 2C 39 30 0A] (18 B)
[13:32:27.728] [TX PC -> ESP32 #10]: ",0,0,90,90,90,90"
[13:32:27.728]    BYTES: [20 2C 30 2C 30 2C 39 30 2C 39 30 2C 39 30 2C 39 30 0A] (18 B)
[13:32:27.792] [TX PC -> ESP32 #11]: ",0,0,90,90,90,90"
[13:32:27.794]    BYTES: [20 2C 30 2C 30 2C 39 30 2C 39 30 2C 39 30 2C 39 30 0A] (18 B)
[13:32:27.806] [MKR 1310 RX]: [ESTADO_MKR] TotalRx:0 | DescartadosFIFO:0 | Failsafes:1 | SinSenal:123000 ms | Estado:FAILSAFE (Frenado)
[13:32:27.850] [TX PC -> ESP32 #1]: ",0,0,90,90,90,90"
[13:32:27.850]    BYTES: [20 2C 30 2C 30 2C 39 30 2C 39 30 2C 39 30 2C 39 30 0A] (18 B)
[13:32:28.806] [MKR 1310 RX]: [ESTADO_MKR] TotalRx:0 | DescartadosFIFO:0 | Failsafes:1 | SinSenal:124000 ms | Estado:FAILSAFE (Frenado)
[13:32:29.797] [MKR 1310 RX]: [ESTADO_MKR] TotalRx:0 | DescartadosFIFO:0 | Failsafes:1 | SinSenal:125000 ms | Estado:FAILSAFE (Frenado)
[13:32:30.803] [MKR 1310 RX]: [ESTADO_MKR] TotalRx:0 | DescartadosFIFO:0 | Failsafes:1 | SinSenal:126000 ms | Estado:FAILSAFE (Frenado)
[13:32:31.803] [MKR 1310 RX]: [ESTADO_MKR] TotalRx:0 | DescartadosFIFO:0 | Failsafes:1 | SinSenal:127000 ms | Estado:FAILSAFE (Frenado)
[13:32:32.803] [MKR 1310 RX]: [ESTADO_MKR] TotalRx:0 | DescartadosFIFO:0 | Failsafes:1 | SinSenal:128000 ms | Estado:FAILSAFE (Frenado)
[13:32:33.802] [MKR 1310 RX]: [ESTADO_MKR] TotalRx:0 | DescartadosFIFO:0 | Failsafes:1 | SinSenal:129000 ms | Estado:FAILSAFE (Frenado)
[13:32:34.798] [MKR 1310 RX]: [ESTADO_MKR] TotalRx:0 | DescartadosFIFO:0 | Failsafes:1 | SinSenal:130000 ms | Estado:FAILSAFE (Frenado)
[13:32:35.798] [MKR 1310 RX]: [ESTADO_MKR] TotalRx:0 | DescartadosFIFO:0 | Failsafes:1 | SinSenal:131000 ms | Estado:FAILSAFE (Frenado)
[13:32:36.800] [MKR 1310 RX]: [ESTADO_MKR] TotalRx:0 | DescartadosFIFO:0 | Failsafes:1 | SinSenal:132000 ms | Estado:FAILSAFE (Frenado)
[13:32:37.794] [MKR 1310 RX]: [ESTADO_MKR] TotalRx:0 | DescartadosFIFO:0 | Failsafes:1 | SinSenal:133000 ms | Estado:FAILSAFE (Frenado)
[13:32:38.800] [MKR 1310 RX]: [ESTADO_MKR] TotalRx:0 | DescartadosFIFO:0 | Failsafes:1 | SinSenal:134000 ms | Estado:FAILSAFE (Frenado)
[13:32:39.800] [MKR 1310 RX]: [ESTADO_MKR] TotalRx:0 | DescartadosFIFO:0 | Failsafes:1 | SinSenal:135000 ms | Estado:FAILSAFE (Frenado)
[13:32:40.797] [MKR 1310 RX]: [ESTADO_MKR] TotalRx:0 | DescartadosFIFO:0 | Failsafes:1 | SinSenal:136000 ms | Estado:FAILSAFE (Frenado)

