[13:45:52.243] HMI Rover Debug cargado. Conecte los puertos COM de Transmisor (ESP32) y/o Receptor (MKR).
[13:45:54.559] Transmisor ESP32 conectado en COM4 @ 115200 bps (DTR=ON, RTS=OFF).
[13:45:54.565] [TX PC -> ESP32 #1]: "STOP,0,0,90,90,90,90"
[13:45:54.565]    BYTES: [53 54 4F 50 2C 30 2C 30 2C 39 30 2C 39 30 2C 39 30 2C 39 30 0A] (21 B)
[13:45:54.619] [TX PC -> ESP32 #1]: "STOP,0,0,90,90,90,90"
[13:45:54.619]    BYTES: [53 54 4F 50 2C 30 2C 30 2C 39 30 2C 39 30 2C 39 30 2C 39 30 0A] (21 B)
[13:45:54.676] [TX PC -> ESP32 #2]: "STOP,0,0,90,90,90,90"
[13:45:54.676]    BYTES: [53 54 4F 50 2C 30 2C 30 2C 39 30 2C 39 30 2C 39 30 2C 39 30 0A] (21 B)
[13:45:54.732] [TX PC -> ESP32 #3]: "STOP,0,0,90,90,90,90"
[13:45:54.732]    BYTES: [53 54 4F 50 2C 30 2C 30 2C 39 30 2C 39 30 2C 39 30 2C 39 30 0A] (21 B)
[13:45:54.798] [TX PC -> ESP32 #4]: "STOP,0,0,90,90,90,90"
[13:45:54.798]    BYTES: [53 54 4F 50 2C 30 2C 30 2C 39 30 2C 39 30 2C 39 30 2C 39 30 0A] (21 B)
[13:45:54.859] [TX PC -> ESP32 #5]: "STOP,0,0,90,90,90,90"
[13:45:54.859]    BYTES: [53 54 4F 50 2C 30 2C 30 2C 39 30 2C 39 30 2C 39 30 2C 39 30 0A] (21 B)
[13:45:54.859] [DIAGNOSTICO] Enviado comando 'PING' a ESP32...
[13:45:54.910] [TX PC -> ESP32 #6]: "STOP,0,0,90,90,90,90"
[13:45:54.913]    BYTES: [53 54 4F 50 2C 30 2C 30 2C 39 30 2C 39 30 2C 39 30 2C 39 30 0A] (21 B)
[13:45:54.967] [TX PC -> ESP32 #7]: "STOP,0,0,90,90,90,90"
[13:45:54.967]    BYTES: [53 54 4F 50 2C 30 2C 30 2C 39 30 2C 39 30 2C 39 30 2C 39 30 0A] (21 B)
[13:45:55.018] [TX PC -> ESP32 #8]: "STOP,0,0,90,90,90,90"
[13:45:55.018]    BYTES: [53 54 4F 50 2C 30 2C 30 2C 39 30 2C 39 30 2C 39 30 2C 39 30 0A] (21 B)
[13:45:55.075] [TX PC -> ESP32 #9]: "STOP,0,0,90,90,90,90"
[13:45:55.075]    BYTES: [53 54 4F 50 2C 30 2C 30 2C 39 30 2C 39 30 2C 39 30 2C 39 30 0A] (21 B)
[13:45:55.137] [TX PC -> ESP32 #10]: "STOP,0,0,90,90,90,90"
[13:45:55.137]    BYTES: [53 54 4F 50 2C 30 2C 30 2C 39 30 2C 39 30 2C 39 30 2C 39 30 0A] (21 B)
[13:45:55.192] [TX PC -> ESP32 #11]: "STOP,0,0,90,90,90,90"
[13:45:55.192]    BYTES: [53 54 4F 50 2C 30 2C 30 2C 39 30 2C 39 30 2C 39 30 2C 39 30 0A] (21 B)
[13:45:55.250] [TX PC -> ESP32 #12]: "STOP,0,0,90,90,90,90"
[13:45:55.251]    BYTES: [53 54 4F 50 2C 30 2C 30 2C 39 30 2C 39 30 2C 39 30 2C 39 30 0A] (21 B)
[13:45:55.305] [TX PC -> ESP32 #13]: "STOP,0,0,90,90,90,90"
[13:45:55.306]    BYTES: [53 54 4F 50 2C 30 2C 30 2C 39 30 2C 39 30 2C 39 30 2C 39 30 0A] (21 B)
[13:45:55.360] [TX PC -> ESP32 #14]: "STOP,0,0,90,90,90,90"
[13:45:55.360]    BYTES: [53 54 4F 50 2C 30 2C 30 2C 39 30 2C 39 30 2C 39 30 2C 39 30 0A] (21 B)
[13:45:55.426] [TX PC -> ESP32 #15]: "STOP,0,0,90,90,90,90"
[13:45:55.426]    BYTES: [53 54 4F 50 2C 30 2C 30 2C 39 30 2C 39 30 2C 39 30 2C 39 30 0A] (21 B)
[13:45:55.484] [TX PC -> ESP32 #16]: "STOP,0,0,90,90,90,90"
[13:45:55.486]    BYTES: [53 54 4F 50 2C 30 2C 30 2C 39 30 2C 39 30 2C 39 30 2C 39 30 0A] (21 B)
[13:45:55.550] [TX PC -> ESP32 #17]: "STOP,0,0,90,90,90,90"
[13:45:55.552]    BYTES: [53 54 4F 50 2C 30 2C 30 2C 39 30 2C 39 30 2C 39 30 2C 39 30 0A] (21 B)
[13:45:55.609] [TX PC -> ESP32 #18]: "STOP,0,0,90,90,90,90"
[13:45:55.609]    BYTES: [53 54 4F 50 2C 30 2C 30 2C 39 30 2C 39 30 2C 39 30 2C 39 30 0A] (21 B)
[13:45:55.668] [TX PC -> ESP32 #1]: "STOP,0,0,90,90,90,90"
[13:45:55.669]    BYTES: [53 54 4F 50 2C 30 2C 30 2C 39 30 2C 39 30 2C 39 30 2C 39 30 0A] (21 B)
[13:45:55.719] [TX PC -> ESP32 #2]: "STOP,0,0,90,90,90,90"
[13:45:55.722]    BYTES: [53 54 4F 50 2C 30 2C 30 2C 39 30 2C 39 30 2C 39 30 2C 39 30 0A] (21 B)
[13:45:55.776] [TX PC -> ESP32 #3]: "STOP,0,0,90,90,90,90"
[13:45:55.776]    BYTES: [53 54 4F 50 2C 30 2C 30 2C 39 30 2C 39 30 2C 39 30 2C 39 30 0A] (21 B)
[13:45:55.828] [TX PC -> ESP32 #4]: "STOP,0,0,90,90,90,90"
[13:45:55.830]    BYTES: [53 54 4F 50 2C 30 2C 30 2C 39 30 2C 39 30 2C 39 30 2C 39 30 0A] (21 B)
[13:45:55.879] [TX PC -> ESP32 #5]: "STOP,0,0,90,90,90,90"
[13:45:55.879]    BYTES: [53 54 4F 50 2C 30 2C 30 2C 39 30 2C 39 30 2C 39 30 2C 39 30 0A] (21 B)
[13:45:55.935] [TX PC -> ESP32 #6]: "STOP,0,0,90,90,90,90"
[13:45:55.935]    BYTES: [53 54 4F 50 2C 30 2C 30 2C 39 30 2C 39 30 2C 39 30 2C 39 30 0A] (21 B)
[13:45:55.995] [TX PC -> ESP32 #7]: "STOP,0,0,90,90,90,90"
[13:45:55.996]    BYTES: [53 54 4F 50 2C 30 2C 30 2C 39 30 2C 39 30 2C 39 30 2C 39 30 0A] (21 B)
[13:45:56.054] [TX PC -> ESP32 #8]: "STOP,0,0,90,90,90,90"
[13:45:56.055]    BYTES: [53 54 4F 50 2C 30 2C 30 2C 39 30 2C 39 30 2C 39 30 2C 39 30 0A] (21 B)
[13:45:56.117] [TX PC -> ESP32 #9]: "STOP,0,0,90,90,90,90"
[13:45:56.119]    BYTES: [53 54 4F 50 2C 30 2C 30 2C 39 30 2C 39 30 2C 39 30 2C 39 30 0A] (21 B)
[13:45:56.173] [TX PC -> ESP32 #10]: "STOP,0,0,90,90,90,90"
[13:45:56.176]    BYTES: [53 54 4F 50 2C 30 2C 30 2C 39 30 2C 39 30 2C 39 30 2C 39 30 0A] (21 B)
[13:45:56.225] [TX PC -> ESP32 #11]: "STOP,0,0,90,90,90,90"
[13:45:56.230]    BYTES: [53 54 4F 50 2C 30 2C 30 2C 39 30 2C 39 30 2C 39 30 2C 39 30 0A] (21 B)
[13:45:56.279] [TX PC -> ESP32 #12]: "STOP,0,0,90,90,90,90"
[13:45:56.285]    BYTES: [53 54 4F 50 2C 30 2C 30 2C 39 30 2C 39 30 2C 39 30 2C 39 30 0A] (21 B)
[13:45:56.338] [TX PC -> ESP32 #13]: "STOP,0,0,90,90,90,90"
[13:45:56.338]    BYTES: [53 54 4F 50 2C 30 2C 30 2C 39 30 2C 39 30 2C 39 30 2C 39 30 0A] (21 B)
[13:45:56.392] [TX PC -> ESP32 #14]: "STOP,0,0,90,90,90,90"
[13:45:56.394]    BYTES: [53 54 4F 50 2C 30 2C 30 2C 39 30 2C 39 30 2C 39 30 2C 39 30 0A] (21 B)
[13:45:56.448] [TX PC -> ESP32 #15]: "STOP,0,0,90,90,90,90"
[13:45:56.448]    BYTES: [53 54 4F 50 2C 30 2C 30 2C 39 30 2C 39 30 2C 39 30 2C 39 30 0A] (21 B)
[13:45:56.501] [TX PC -> ESP32 #16]: "STOP,0,0,90,90,90,90"
[13:45:56.503]    BYTES: [53 54 4F 50 2C 30 2C 30 2C 39 30 2C 39 30 2C 39 30 2C 39 30 0A] (21 B)
[13:45:56.555] [TX PC -> ESP32 #17]: "STOP,0,0,90,90,90,90"
[13:45:56.555]    BYTES: [53 54 4F 50 2C 30 2C 30 2C 39 30 2C 39 30 2C 39 30 2C 39 30 0A] (21 B)
[13:45:56.618] [TX PC -> ESP32 #18]: "STOP,0,0,90,90,90,90"
[13:45:56.620]    BYTES: [53 54 4F 50 2C 30 2C 30 2C 39 30 2C 39 30 2C 39 30 2C 39 30 0A] (21 B)
[13:45:56.678] [TX PC -> ESP32 #1]: "STOP,0,0,90,90,90,90"
[13:45:56.678]    BYTES: [53 54 4F 50 2C 30 2C 30 2C 39 30 2C 39 30 2C 39 30 2C 39 30 0A] (21 B)
[13:45:56.733] [TX PC -> ESP32 #2]: "STOP,0,0,90,90,90,90"
[13:45:56.735]    BYTES: [53 54 4F 50 2C 30 2C 30 2C 39 30 2C 39 30 2C 39 30 2C 39 30 0A] (21 B)
[13:45:58.115] Receptor MKR 1310 conectado en COM5 @ 115200 bps.
[13:45:58.185] [MKR 1310 RX]: [ESTADO_MKR] TotalRx:0 | DescartadosFIFO:0 | Failsafes:1 | SinSenal:29000 ms | Estado:FAILSAFE (Frenado)
[13:45:58.425] [DIAGNOSTICO] Enviado comando 'PING' a MKR 1310...
[13:45:58.426] ✅ PONG:MKR1310_ONLINE | Radio:ONLINE | TotalRx:0 | Failsafes:1 | SinSenal:29252 ms | Estado:FAILSAFE
[13:45:59.175] [MKR 1310 RX]: [ESTADO_MKR] TotalRx:0 | DescartadosFIFO:0 | Failsafes:1 | SinSenal:30000 ms | Estado:FAILSAFE (Frenado)
[13:46:00.169] [MKR 1310 RX]: [ESTADO_MKR] TotalRx:0 | DescartadosFIFO:0 | Failsafes:1 | SinSenal:31000 ms | Estado:FAILSAFE (Frenado)
[13:46:01.173] [MKR 1310 RX]: [ESTADO_MKR] TotalRx:0 | DescartadosFIFO:0 | Failsafes:1 | SinSenal:32000 ms | Estado:FAILSAFE (Frenado)
[13:46:02.200] [MKR 1310 RX]: [ESTADO_MKR] TotalRx:0 | DescartadosFIFO:0 | Failsafes:1 | SinSenal:33000 ms | Estado:FAILSAFE (Frenado)
[13:46:03.173] [MKR 1310 RX]: [ESTADO_MKR] TotalRx:0 | DescartadosFIFO:0 | Failsafes:1 | SinSenal:34000 ms | Estado:FAILSAFE (Frenado)
[13:46:04.172] [MKR 1310 RX]: [ESTADO_MKR] TotalRx:0 | DescartadosFIFO:0 | Failsafes:1 | SinSenal:35000 ms | Estado:FAILSAFE (Frenado)
[13:46:04.817] [DIAGNOSTICO] Enviado comando 'PING' a ESP32...
[13:46:05.175] [MKR 1310 RX]: [ESTADO_MKR] TotalRx:0 | DescartadosFIFO:0 | Failsafes:1 | SinSenal:36000 ms | Estado:FAILSAFE (Frenado)
[13:46:06.171] [MKR 1310 RX]: [ESTADO_MKR] TotalRx:0 | DescartadosFIFO:0 | Failsafes:1 | SinSenal:37000 ms | Estado:FAILSAFE (Frenado)
[13:46:07.168] [MKR 1310 RX]: [ESTADO_MKR] TotalRx:0 | DescartadosFIFO:0 | Failsafes:1 | SinSenal:38000 ms | Estado:FAILSAFE (Frenado)
[13:46:07.876] [DIAGNOSTICO] Enviado comando 'PING' a MKR 1310...
[13:46:07.876] ✅ PONG:MKR1310_ONLINE | Radio:ONLINE | TotalRx:0 | Failsafes:1 | SinSenal:38712 ms | Estado:FAILSAFE
[13:46:08.170] [MKR 1310 RX]: [ESTADO_MKR] TotalRx:0 | DescartadosFIFO:0 | Failsafes:1 | SinSenal:39000 ms | Estado:FAILSAFE (Frenado)
[13:46:09.170] [MKR 1310 RX]: [ESTADO_MKR] TotalRx:0 | DescartadosFIFO:0 | Failsafes:1 | SinSenal:40000 ms | Estado:FAILSAFE (Frenado)
[13:46:09.237] [DIAGNOSTICO] Enviado comando 'PING' a MKR 1310...
[13:46:09.239] ✅ PONG:MKR1310_ONLINE | Radio:ONLINE | TotalRx:0 | Failsafes:1 | SinSenal:40072 ms | Estado:FAILSAFE
[13:46:09.821] [DIAGNOSTICO] Enviado comando 'PING' a MKR 1310...
[13:46:09.821] ✅ PONG:MKR1310_ONLINE | Radio:ONLINE | TotalRx:0 | Failsafes:1 | SinSenal:40655 ms | Estado:FAILSAFE
[13:46:10.168] [MKR 1310 RX]: [ESTADO_MKR] TotalRx:0 | DescartadosFIFO:0 | Failsafes:1 | SinSenal:41000 ms | Estado:FAILSAFE (Frenado)
[13:46:11.168] [MKR 1310 RX]: [ESTADO_MKR] TotalRx:0 | DescartadosFIFO:0 | Failsafes:1 | SinSenal:42000 ms | Estado:FAILSAFE (Frenado)
[13:46:12.167] [MKR 1310 RX]: [ESTADO_MKR] TotalRx:0 | DescartadosFIFO:0 | Failsafes:1 | SinSenal:43000 ms | Estado:FAILSAFE (Frenado)
[13:46:12.759] [DIAGNOSTICO] Enviado comando 'PING' a MKR 1310...
[13:46:12.769] ✅ PONG:MKR1310_ONLINE | Radio:ONLINE | TotalRx:0 | Failsafes:1 | SinSenal:43602 ms | Estado:FAILSAFE
[13:46:13.168] [MKR 1310 RX]: [ESTADO_MKR] TotalRx:0 | DescartadosFIFO:0 | Failsafes:1 | SinSenal:44000 ms | Estado:FAILSAFE (Frenado)
[13:46:13.499] [DIAGNOSTICO] Enviado comando 'PING' a MKR 1310...
[13:46:13.501] ✅ PONG:MKR1310_ONLINE | Radio:ONLINE | TotalRx:0 | Failsafes:1 | SinSenal:44334 ms | Estado:FAILSAFE
[13:46:14.165] [MKR 1310 RX]: [ESTADO_MKR] TotalRx:0 | DescartadosFIFO:0 | Failsafes:1 | SinSenal:45000 ms | Estado:FAILSAFE (Frenado)
[13:46:15.170] [MKR 1310 RX]: [ESTADO_MKR] TotalRx:0 | DescartadosFIFO:0 | Failsafes:1 | SinSenal:46000 ms | Estado:FAILSAFE (Frenado)
[13:46:16.165] [MKR 1310 RX]: [ESTADO_MKR] TotalRx:0 | DescartadosFIFO:0 | Failsafes:1 | SinSenal:47000 ms | Estado:FAILSAFE (Frenado)
[13:46:17.170] [MKR 1310 RX]: [ESTADO_MKR] TotalRx:0 | DescartadosFIFO:0 | Failsafes:1 | SinSenal:48000 ms | Estado:FAILSAFE (Frenado)
[13:46:18.164] [MKR 1310 RX]: [ESTADO_MKR] TotalRx:0 | DescartadosFIFO:0 | Failsafes:1 | SinSenal:49000 ms | Estado:FAILSAFE (Frenado)
[13:46:19.169] [MKR 1310 RX]: [ESTADO_MKR] TotalRx:0 | DescartadosFIFO:0 | Failsafes:1 | SinSenal:50000 ms | Estado:FAILSAFE (Frenado)
[13:46:19.886] [TX PC -> ESP32 #1]: "D,150,150,60,60,120,120"
[13:46:19.886]    BYTES: [44 2C 31 35 30 2C 31 35 30 2C 36 30 2C 36 30 2C 31 32 30 2C 31 32 30 0A] (24 B)
[13:46:20.071] [TX PC -> ESP32 #2]: "STOP,0,0,90,90,90,90"
[13:46:20.071]    BYTES: [53 54 4F 50 2C 30 2C 30 2C 39 30 2C 39 30 2C 39 30 2C 39 30 0A] (21 B)
[13:46:20.167] [MKR 1310 RX]: [ESTADO_MKR] TotalRx:0 | DescartadosFIFO:0 | Failsafes:1 | SinSenal:51000 ms | Estado:FAILSAFE (Frenado)
[13:46:20.177] [TX PC -> ESP32 #3]: "D,150,150,60,60,120,120"
[13:46:20.177]    BYTES: [44 2C 31 35 30 2C 31 35 30 2C 36 30 2C 36 30 2C 31 32 30 2C 31 32 30 0A] (24 B)
[13:46:20.351] [TX PC -> ESP32 #1]: "STOP,0,0,90,90,90,90"
[13:46:20.351]    BYTES: [53 54 4F 50 2C 30 2C 30 2C 39 30 2C 39 30 2C 39 30 2C 39 30 0A] (21 B)
[13:46:20.681] [TX PC -> ESP32 #2]: "W,150,150,90,90,90,90"
[13:46:20.681]    BYTES: [57 2C 31 35 30 2C 31 35 30 2C 39 30 2C 39 30 2C 39 30 2C 39 30 0A] (22 B)
[13:46:20.963] [TX PC -> ESP32 #3]: "D,150,150,60,60,120,120"
[13:46:20.965]    BYTES: [44 2C 31 35 30 2C 31 35 30 2C 36 30 2C 36 30 2C 31 32 30 2C 31 32 30 0A] (24 B)
[13:46:21.165] [MKR 1310 RX]: [ESTADO_MKR] TotalRx:0 | DescartadosFIFO:0 | Failsafes:1 | SinSenal:52000 ms | Estado:FAILSAFE (Frenado)
[13:46:21.230] [TX PC -> ESP32 #4]: "W,150,150,90,90,90,90"
[13:46:21.231]    BYTES: [57 2C 31 35 30 2C 31 35 30 2C 39 30 2C 39 30 2C 39 30 2C 39 30 0A] (22 B)
[13:46:21.490] [TX PC -> ESP32 #1]: "STOP,0,0,90,90,90,90"
[13:46:21.490]    BYTES: [53 54 4F 50 2C 30 2C 30 2C 39 30 2C 39 30 2C 39 30 2C 39 30 0A] (21 B)
[13:46:22.165] [MKR 1310 RX]: [ESTADO_MKR] TotalRx:0 | DescartadosFIFO:0 | Failsafes:1 | SinSenal:53000 ms | Estado:FAILSAFE (Frenado)
[13:46:23.152] [MKR 1310 RX]: [ESTADO_MKR] TotalRx:0 | DescartadosFIFO:0 | Failsafes:1 | SinSenal:54000 ms | Estado:FAILSAFE (Frenado)
[13:46:24.172] [MKR 1310 RX]: [ESTADO_MKR] TotalRx:0 | DescartadosFIFO:0 | Failsafes:1 | SinSenal:55000 ms | Estado:FAILSAFE (Frenado)
[13:46:25.161] [MKR 1310 RX]: [ESTADO_MKR] TotalRx:0 | DescartadosFIFO:0 | Failsafes:1 | SinSenal:56000 ms | Estado:FAILSAFE (Frenado)
[13:46:26.158] [MKR 1310 RX]: [ESTADO_MKR] TotalRx:0 | DescartadosFIFO:0 | Failsafes:1 | SinSenal:57000 ms | Estado:FAILSAFE (Frenado)
[13:46:26.485] [TX PC -> ESP32 #1]: "D,150,150,60,60,120,120"
[13:46:26.487]    BYTES: [44 2C 31 35 30 2C 31 35 30 2C 36 30 2C 36 30 2C 31 32 30 2C 31 32 30 0A] (24 B)
[13:46:26.978] [TX PC -> ESP32 #2]: "W,150,150,90,90,90,90"
[13:46:26.978]    BYTES: [57 2C 31 35 30 2C 31 35 30 2C 39 30 2C 39 30 2C 39 30 2C 39 30 0A] (22 B)
[13:46:27.149] [MKR 1310 RX]: [ESTADO_MKR] TotalRx:0 | DescartadosFIFO:0 | Failsafes:1 | SinSenal:58000 ms | Estado:FAILSAFE (Frenado)
[13:46:27.339] [TX PC -> ESP32 #3]: "STOP,0,0,90,90,90,90"
[13:46:27.339]    BYTES: [53 54 4F 50 2C 30 2C 30 2C 39 30 2C 39 30 2C 39 30 2C 39 30 0A] (21 B)
[13:46:28.168] [MKR 1310 RX]: [ESTADO_MKR] TotalRx:0 | DescartadosFIFO:0 | Failsafes:1 | SinSenal:59000 ms | Estado:FAILSAFE (Frenado)
[13:46:28.817] [TX PC -> ESP32 #1]: "D,150,150,60,60,120,120"
[13:46:28.817]    BYTES: [44 2C 31 35 30 2C 31 35 30 2C 36 30 2C 36 30 2C 31 32 30 2C 31 32 30 0A] (24 B)
[13:46:29.162] [MKR 1310 RX]: [ESTADO_MKR] TotalRx:0 | DescartadosFIFO:0 | Failsafes:1 | SinSenal:60000 ms | Estado:FAILSAFE (Frenado)
[13:46:29.464] [TX PC -> ESP32 #2]: "W,150,150,90,90,90,90"
[13:46:29.464]    BYTES: [57 2C 31 35 30 2C 31 35 30 2C 39 30 2C 39 30 2C 39 30 2C 39 30 0A] (22 B)
[13:46:29.765] [TX PC -> ESP32 #1]: "A,150,150,120,120,60,60"
[13:46:29.765]    BYTES: [41 2C 31 35 30 2C 31 35 30 2C 31 32 30 2C 31 32 30 2C 36 30 2C 36 30 0A] (24 B)
[13:46:29.846] [TX PC -> ESP32 #2]: "STOP,0,0,90,90,90,90"
[13:46:29.846]    BYTES: [53 54 4F 50 2C 30 2C 30 2C 39 30 2C 39 30 2C 39 30 2C 39 30 0A] (21 B)
[13:46:29.892] [TX PC -> ESP32 #3]: "S,150,150,90,90,90,90"
[13:46:29.894]    BYTES: [53 2C 31 35 30 2C 31 35 30 2C 39 30 2C 39 30 2C 39 30 2C 39 30 0A] (22 B)
[13:46:30.162] [MKR 1310 RX]: [ESTADO_MKR] TotalRx:0 | DescartadosFIFO:0 | Failsafes:1 | SinSenal:61000 ms | Estado:FAILSAFE (Frenado)
[13:46:30.328] [TX PC -> ESP32 #4]: "D,150,150,60,60,120,120"
[13:46:30.330]    BYTES: [44 2C 31 35 30 2C 31 35 30 2C 36 30 2C 36 30 2C 31 32 30 2C 31 32 30 0A] (24 B)
[13:46:31.157] [MKR 1310 RX]: [ESTADO_MKR] TotalRx:0 | DescartadosFIFO:0 | Failsafes:1 | SinSenal:62000 ms | Estado:FAILSAFE (Frenado)
[13:46:31.409] [TX PC -> ESP32 #1]: "STOP,0,0,90,90,90,90"
[13:46:31.409]    BYTES: [53 54 4F 50 2C 30 2C 30 2C 39 30 2C 39 30 2C 39 30 2C 39 30 0A] (21 B)
[13:46:31.684] [TX PC -> ESP32 #1]: "D,150,150,60,60,120,120"
[13:46:31.685]    BYTES: [44 2C 31 35 30 2C 31 35 30 2C 36 30 2C 36 30 2C 31 32 30 2C 31 32 30 0A] (24 B)
[13:46:32.159] [MKR 1310 RX]: [ESTADO_MKR] TotalRx:0 | DescartadosFIFO:0 | Failsafes:1 | SinSenal:63000 ms | Estado:FAILSAFE (Frenado)
[13:46:33.158] [MKR 1310 RX]: [ESTADO_MKR] TotalRx:0 | DescartadosFIFO:0 | Failsafes:1 | SinSenal:64000 ms | Estado:FAILSAFE (Frenado)
[13:46:33.253] [TX PC -> ESP32 #1]: "STOP,0,0,90,90,90,90"
[13:46:33.255]    BYTES: [53 54 4F 50 2C 30 2C 30 2C 39 30 2C 39 30 2C 39 30 2C 39 30 0A] (21 B)
[13:46:33.844] [TX PC -> ESP32 #1]: "STOP,0,0,90,90,90,90"
[13:46:33.846]    BYTES: [53 54 4F 50 2C 30 2C 30 2C 39 30 2C 39 30 2C 39 30 2C 39 30 0A] (21 B)
[13:46:33.848] [TX PC -> ESP32 #2]: "PIVOT_DER,150,150,135,45,45,135"
[13:46:33.848]    BYTES: [50 49 56 4F 54 5F 44 45 52 2C 31 35 30 2C 31 35 30 2C 31 33 35 2C 34 35 2C 34 35 2C 31 33 35 0A] (32 B)
[13:46:34.150] [MKR 1310 RX]: [ESTADO_MKR] TotalRx:0 | DescartadosFIFO:0 | Failsafes:1 | SinSenal:65000 ms | Estado:FAILSAFE (Frenado)
[13:46:35.161] [MKR 1310 RX]: [ESTADO_MKR] TotalRx:0 | DescartadosFIFO:0 | Failsafes:1 | SinSenal:66000 ms | Estado:FAILSAFE (Frenado)
[13:46:35.227] [TX PC -> ESP32 #1]: "STOP,0,0,90,90,90,90"
[13:46:35.227]    BYTES: [53 54 4F 50 2C 30 2C 30 2C 39 30 2C 39 30 2C 39 30 2C 39 30 0A] (21 B)
[13:46:35.807] [TX PC -> ESP32 #1]: "STOP,0,0,90,90,90,90"
[13:46:35.807]    BYTES: [53 54 4F 50 2C 30 2C 30 2C 39 30 2C 39 30 2C 39 30 2C 39 30 0A] (21 B)
[13:46:35.807] [TX PC -> ESP32 #2]: "PIVOT_IZQ,150,150,135,45,45,135"
[13:46:35.815]    BYTES: [50 49 56 4F 54 5F 49 5A 51 2C 31 35 30 2C 31 35 30 2C 31 33 35 2C 34 35 2C 34 35 2C 31 33 35 0A] (32 B)
[13:46:36.156] [MKR 1310 RX]: [ESTADO_MKR] TotalRx:0 | DescartadosFIFO:0 | Failsafes:1 | SinSenal:67000 ms | Estado:FAILSAFE (Frenado)
[13:46:37.154] [MKR 1310 RX]: [ESTADO_MKR] TotalRx:0 | DescartadosFIFO:0 | Failsafes:1 | SinSenal:68000 ms | Estado:FAILSAFE (Frenado)
[13:46:37.319] [TX PC -> ESP32 #1]: "STOP,0,0,90,90,90,90"
[13:46:37.321]    BYTES: [53 54 4F 50 2C 30 2C 30 2C 39 30 2C 39 30 2C 39 30 2C 39 30 0A] (21 B)
[13:46:38.164] [MKR 1310 RX]: [ESTADO_MKR] TotalRx:0 | DescartadosFIFO:0 | Failsafes:1 | SinSenal:69000 ms | Estado:FAILSAFE (Frenado)
[13:46:39.152] [MKR 1310 RX]: [ESTADO_MKR] TotalRx:0 | DescartadosFIFO:0 | Failsafes:1 | SinSenal:70000 ms | Estado:FAILSAFE (Frenado)
[13:46:40.154] [MKR 1310 RX]: [ESTADO_MKR] TotalRx:0 | DescartadosFIFO:0 | Failsafes:1 | SinSenal:71000 ms | Estado:FAILSAFE (Frenado)
[13:46:41.151] [MKR 1310 RX]: [ESTADO_MKR] TotalRx:0 | DescartadosFIFO:0 | Failsafes:1 | SinSenal:72000 ms | Estado:FAILSAFE (Frenado)
[13:46:42.155] [MKR 1310 RX]: [ESTADO_MKR] TotalRx:0 | DescartadosFIFO:0 | Failsafes:1 | SinSenal:73000 ms | Estado:FAILSAFE (Frenado)
[13:46:43.150] [MKR 1310 RX]: [ESTADO_MKR] TotalRx:0 | DescartadosFIFO:0 | Failsafes:1 | SinSenal:74000 ms | Estado:FAILSAFE (Frenado)
[13:46:44.152] [MKR 1310 RX]: [ESTADO_MKR] TotalRx:0 | DescartadosFIFO:0 | Failsafes:1 | SinSenal:75000 ms | Estado:FAILSAFE (Frenado)
[13:46:44.899] [TX PC -> ESP32 #1]: "D,150,150,60,60,120,120"
[13:46:44.899]    BYTES: [44 2C 31 35 30 2C 31 35 30 2C 36 30 2C 36 30 2C 31 32 30 2C 31 32 30 0A] (24 B)
[13:46:45.153] [MKR 1310 RX]: [ESTADO_MKR] TotalRx:0 | DescartadosFIFO:0 | Failsafes:1 | SinSenal:76000 ms | Estado:FAILSAFE (Frenado)
[13:46:45.495] [TX PC -> ESP32 #1]: "W,150,150,90,90,90,90"
[13:46:45.497]    BYTES: [57 2C 31 35 30 2C 31 35 30 2C 39 30 2C 39 30 2C 39 30 2C 39 30 0A] (22 B)
[13:46:46.021] [TX PC -> ESP32 #1]: "STOP,0,0,90,90,90,90"
[13:46:46.021]    BYTES: [53 54 4F 50 2C 30 2C 30 2C 39 30 2C 39 30 2C 39 30 2C 39 30 0A] (21 B)
[13:46:46.152] [MKR 1310 RX]: [ESTADO_MKR] TotalRx:0 | DescartadosFIFO:0 | Failsafes:1 | SinSenal:77000 ms | Estado:FAILSAFE (Frenado)
[13:46:47.149] [MKR 1310 RX]: [ESTADO_MKR] TotalRx:0 | DescartadosFIFO:0 | Failsafes:1 | SinSenal:78000 ms | Estado:FAILSAFE (Frenado)
[13:46:48.153] [MKR 1310 RX]: [ESTADO_MKR] TotalRx:0 | DescartadosFIFO:0 | Failsafes:1 | SinSenal:79000 ms | Estado:FAILSAFE (Frenado)

