[13:28:23.611] HMI Rover Debug cargado. Conecte los puertos COM de Transmisor (ESP32) y/o Receptor (MKR).
[13:28:56.643] Transmisor ESP32 conectado en COM4 @ 115200 bps.
[13:28:56.647] [TX PC -> ESP32 #1]: ",0,0,90,90,90,90"
[13:28:56.651]    BYTES: [20 2C 30 2C 30 2C 39 30 2C 39 30 2C 39 30 2C 39 30 0A] (18 B)
[13:28:56.707] [TX PC -> ESP32 #1]: ",0,0,90,90,90,90"
[13:28:56.707]    BYTES: [20 2C 30 2C 30 2C 39 30 2C 39 30 2C 39 30 2C 39 30 0A] (18 B)
[13:28:56.770] [TX PC -> ESP32 #2]: ",0,0,90,90,90,90"
[13:28:56.770]    BYTES: [20 2C 30 2C 30 2C 39 30 2C 39 30 2C 39 30 2C 39 30 0A] (18 B)
[13:28:56.826] [TX PC -> ESP32 #3]: ",0,0,90,90,90,90"
[13:28:56.826]    BYTES: [20 2C 30 2C 30 2C 39 30 2C 39 30 2C 39 30 2C 39 30 0A] (18 B)
[13:28:56.876] [TX PC -> ESP32 #4]: ",0,0,90,90,90,90"
[13:28:56.876]    BYTES: [20 2C 30 2C 30 2C 39 30 2C 39 30 2C 39 30 2C 39 30 0A] (18 B)
[13:28:56.937] [TX PC -> ESP32 #5]: ",0,0,90,90,90,90"
[13:28:56.937]    BYTES: [20 2C 30 2C 30 2C 39 30 2C 39 30 2C 39 30 2C 39 30 0A] (18 B)
[13:28:56.988] [TX PC -> ESP32 #6]: ",0,0,90,90,90,90"
[13:28:56.988]    BYTES: [20 2C 30 2C 30 2C 39 30 2C 39 30 2C 39 30 2C 39 30 0A] (18 B)
[13:28:57.051] [TX PC -> ESP32 #7]: ",0,0,90,90,90,90"
[13:28:57.052]    BYTES: [20 2C 30 2C 30 2C 39 30 2C 39 30 2C 39 30 2C 39 30 0A] (18 B)
[13:28:57.113] [TX PC -> ESP32 #8]: ",0,0,90,90,90,90"
[13:28:57.113]    BYTES: [20 2C 30 2C 30 2C 39 30 2C 39 30 2C 39 30 2C 39 30 0A] (18 B)
[13:28:57.172] [TX PC -> ESP32 #9]: ",0,0,90,90,90,90"
[13:28:57.172]    BYTES: [20 2C 30 2C 30 2C 39 30 2C 39 30 2C 39 30 2C 39 30 0A] (18 B)
[13:28:57.232] [TX PC -> ESP32 #10]: ",0,0,90,90,90,90"
[13:28:57.234]    BYTES: [20 2C 30 2C 30 2C 39 30 2C 39 30 2C 39 30 2C 39 30 0A] (18 B)
[13:28:57.286] [TX PC -> ESP32 #11]: ",0,0,90,90,90,90"
[13:28:57.286]    BYTES: [20 2C 30 2C 30 2C 39 30 2C 39 30 2C 39 30 2C 39 30 0A] (18 B)
[13:28:57.337] [TX PC -> ESP32 #12]: ",0,0,90,90,90,90"
[13:28:57.337]    BYTES: [20 2C 30 2C 30 2C 39 30 2C 39 30 2C 39 30 2C 39 30 0A] (18 B)
[13:28:57.392] [TX PC -> ESP32 #13]: ",0,0,90,90,90,90"
[13:28:57.392]    BYTES: [20 2C 30 2C 30 2C 39 30 2C 39 30 2C 39 30 2C 39 30 0A] (18 B)
[13:28:57.451] [TX PC -> ESP32 #14]: ",0,0,90,90,90,90"
[13:28:57.451]    BYTES: [20 2C 30 2C 30 2C 39 30 2C 39 30 2C 39 30 2C 39 30 0A] (18 B)
[13:28:57.516] [TX PC -> ESP32 #15]: ",0,0,90,90,90,90"
[13:28:57.516]    BYTES: [20 2C 30 2C 30 2C 39 30 2C 39 30 2C 39 30 2C 39 30 0A] (18 B)
[13:28:57.577] [TX PC -> ESP32 #16]: ",0,0,90,90,90,90"
[13:28:57.577]    BYTES: [20 2C 30 2C 30 2C 39 30 2C 39 30 2C 39 30 2C 39 30 0A] (18 B)
[13:28:57.644] [TX PC -> ESP32 #17]: ",0,0,90,90,90,90"
[13:28:57.644]    BYTES: [20 2C 30 2C 30 2C 39 30 2C 39 30 2C 39 30 2C 39 30 0A] (18 B)
[13:28:57.701] [TX PC -> ESP32 #18]: ",0,0,90,90,90,90"
[13:28:57.703]    BYTES: [20 2C 30 2C 30 2C 39 30 2C 39 30 2C 39 30 2C 39 30 0A] (18 B)
[13:28:57.764] [TX PC -> ESP32 #1]: ",0,0,90,90,90,90"
[13:28:57.766]    BYTES: [20 2C 30 2C 30 2C 39 30 2C 39 30 2C 39 30 2C 39 30 0A] (18 B)
[13:28:57.836] [TX PC -> ESP32 #2]: ",0,0,90,90,90,90"
[13:28:57.838]    BYTES: [20 2C 30 2C 30 2C 39 30 2C 39 30 2C 39 30 2C 39 30 0A] (18 B)
[13:28:57.897] [TX PC -> ESP32 #3]: ",0,0,90,90,90,90"
[13:28:57.898]    BYTES: [20 2C 30 2C 30 2C 39 30 2C 39 30 2C 39 30 2C 39 30 0A] (18 B)
[13:28:57.957] [TX PC -> ESP32 #4]: ",0,0,90,90,90,90"
[13:28:57.957]    BYTES: [20 2C 30 2C 30 2C 39 30 2C 39 30 2C 39 30 2C 39 30 0A] (18 B)
[13:28:58.018] [TX PC -> ESP32 #5]: ",0,0,90,90,90,90"
[13:28:58.020]    BYTES: [20 2C 30 2C 30 2C 39 30 2C 39 30 2C 39 30 2C 39 30 0A] (18 B)
[13:28:58.086] [TX PC -> ESP32 #6]: ",0,0,90,90,90,90"
[13:28:58.086]    BYTES: [20 2C 30 2C 30 2C 39 30 2C 39 30 2C 39 30 2C 39 30 0A] (18 B)
[13:28:58.148] [TX PC -> ESP32 #7]: ",0,0,90,90,90,90"
[13:28:58.148]    BYTES: [20 2C 30 2C 30 2C 39 30 2C 39 30 2C 39 30 2C 39 30 0A] (18 B)
[13:28:58.206] [TX PC -> ESP32 #8]: ",0,0,90,90,90,90"
[13:28:58.209]    BYTES: [20 2C 30 2C 30 2C 39 30 2C 39 30 2C 39 30 2C 39 30 0A] (18 B)
[13:28:58.261] [TX PC -> ESP32 #9]: ",0,0,90,90,90,90"
[13:28:58.261]    BYTES: [20 2C 30 2C 30 2C 39 30 2C 39 30 2C 39 30 2C 39 30 0A] (18 B)
[13:28:58.316] [TX PC -> ESP32 #10]: ",0,0,90,90,90,90"
[13:28:58.316]    BYTES: [20 2C 30 2C 30 2C 39 30 2C 39 30 2C 39 30 2C 39 30 0A] (18 B)
[13:28:58.368] [TX PC -> ESP32 #11]: ",0,0,90,90,90,90"
[13:28:58.368]    BYTES: [20 2C 30 2C 30 2C 39 30 2C 39 30 2C 39 30 2C 39 30 0A] (18 B)
[13:28:58.419] [TX PC -> ESP32 #12]: ",0,0,90,90,90,90"
[13:28:58.419]    BYTES: [20 2C 30 2C 30 2C 39 30 2C 39 30 2C 39 30 2C 39 30 0A] (18 B)
[13:28:58.477] [TX PC -> ESP32 #13]: ",0,0,90,90,90,90"
[13:28:58.479]    BYTES: [20 2C 30 2C 30 2C 39 30 2C 39 30 2C 39 30 2C 39 30 0A] (18 B)
[13:28:58.530] [TX PC -> ESP32 #14]: ",0,0,90,90,90,90"
[13:28:58.530]    BYTES: [20 2C 30 2C 30 2C 39 30 2C 39 30 2C 39 30 2C 39 30 0A] (18 B)
[13:28:58.585] [TX PC -> ESP32 #15]: ",0,0,90,90,90,90"
[13:28:58.586]    BYTES: [20 2C 30 2C 30 2C 39 30 2C 39 30 2C 39 30 2C 39 30 0A] (18 B)
[13:28:58.641] [TX PC -> ESP32 #16]: ",0,0,90,90,90,90"
[13:28:58.641]    BYTES: [20 2C 30 2C 30 2C 39 30 2C 39 30 2C 39 30 2C 39 30 0A] (18 B)
[13:28:58.751] [TX PC -> ESP32 #17]: ",0,0,90,90,90,90"
[13:28:58.754]    BYTES: [20 2C 30 2C 30 2C 39 30 2C 39 30 2C 39 30 2C 39 30 0A] (18 B)
[13:28:58.810] [TX PC -> ESP32 #1]: ",0,0,90,90,90,90"
[13:28:58.812]    BYTES: [20 2C 30 2C 30 2C 39 30 2C 39 30 2C 39 30 2C 39 30 0A] (18 B)
[13:28:58.861] [TX PC -> ESP32 #2]: ",0,0,90,90,90,90"
[13:28:58.867]    BYTES: [20 2C 30 2C 30 2C 39 30 2C 39 30 2C 39 30 2C 39 30 0A] (18 B)
[13:28:58.920] [TX PC -> ESP32 #3]: ",0,0,90,90,90,90"
[13:28:58.920]    BYTES: [20 2C 30 2C 30 2C 39 30 2C 39 30 2C 39 30 2C 39 30 0A] (18 B)
[13:28:58.990] [TX PC -> ESP32 #4]: ",0,0,90,90,90,90"
[13:28:58.992]    BYTES: [20 2C 30 2C 30 2C 39 30 2C 39 30 2C 39 30 2C 39 30 0A] (18 B)
[13:28:59.046] [TX PC -> ESP32 #5]: ",0,0,90,90,90,90"
[13:28:59.046]    BYTES: [20 2C 30 2C 30 2C 39 30 2C 39 30 2C 39 30 2C 39 30 0A] (18 B)
[13:28:59.100] [TX PC -> ESP32 #6]: ",0,0,90,90,90,90"
[13:28:59.100]    BYTES: [20 2C 30 2C 30 2C 39 30 2C 39 30 2C 39 30 2C 39 30 0A] (18 B)
[13:28:59.152] [TX PC -> ESP32 #7]: ",0,0,90,90,90,90"
[13:28:59.152]    BYTES: [20 2C 30 2C 30 2C 39 30 2C 39 30 2C 39 30 2C 39 30 0A] (18 B)
[13:28:59.209] [TX PC -> ESP32 #8]: ",0,0,90,90,90,90"
[13:28:59.211]    BYTES: [20 2C 30 2C 30 2C 39 30 2C 39 30 2C 39 30 2C 39 30 0A] (18 B)
[13:28:59.263] [TX PC -> ESP32 #9]: ",0,0,90,90,90,90"
[13:28:59.263]    BYTES: [20 2C 30 2C 30 2C 39 30 2C 39 30 2C 39 30 2C 39 30 0A] (18 B)
[13:28:59.322] [TX PC -> ESP32 #10]: ",0,0,90,90,90,90"
[13:28:59.322]    BYTES: [20 2C 30 2C 30 2C 39 30 2C 39 30 2C 39 30 2C 39 30 0A] (18 B)
[13:28:59.377] [TX PC -> ESP32 #11]: ",0,0,90,90,90,90"
[13:28:59.377]    BYTES: [20 2C 30 2C 30 2C 39 30 2C 39 30 2C 39 30 2C 39 30 0A] (18 B)
[13:28:59.435] [TX PC -> ESP32 #12]: ",0,0,90,90,90,90"
[13:28:59.436]    BYTES: [20 2C 30 2C 30 2C 39 30 2C 39 30 2C 39 30 2C 39 30 0A] (18 B)
[13:28:59.492] [TX PC -> ESP32 #13]: ",0,0,90,90,90,90"
[13:28:59.494]    BYTES: [20 2C 30 2C 30 2C 39 30 2C 39 30 2C 39 30 2C 39 30 0A] (18 B)
[13:28:59.798] Receptor MKR 1310 conectado en COM5 @ 115200 bps.
[13:28:59.803] [TX PC -> ESP32 #14]: ",0,0,90,90,90,90"
[13:28:59.803]    BYTES: [20 2C 30 2C 30 2C 39 30 2C 39 30 2C 39 30 2C 39 30 0A] (18 B)
[13:28:59.819] [MKR 1310 RX]: [ESTADO_MKR] TotalRx:0 | DescartadosFIFO:0 | Failsafes:1 | SinSenal:44000 ms | Estado:FAILSAFE (Frenado)
[13:28:59.871] [TX PC -> ESP32 #1]: ",0,0,90,90,90,90"
[13:28:59.871]    BYTES: [20 2C 30 2C 30 2C 39 30 2C 39 30 2C 39 30 2C 39 30 0A] (18 B)
[13:28:59.924] [TX PC -> ESP32 #2]: ",0,0,90,90,90,90"
[13:28:59.933]    BYTES: [20 2C 30 2C 30 2C 39 30 2C 39 30 2C 39 30 2C 39 30 0A] (18 B)
[13:28:59.989] [TX PC -> ESP32 #3]: ",0,0,90,90,90,90"
[13:28:59.991]    BYTES: [20 2C 30 2C 30 2C 39 30 2C 39 30 2C 39 30 2C 39 30 0A] (18 B)
[13:29:00.052] [TX PC -> ESP32 #4]: ",0,0,90,90,90,90"
[13:29:00.052]    BYTES: [20 2C 30 2C 30 2C 39 30 2C 39 30 2C 39 30 2C 39 30 0A] (18 B)
[13:29:00.114] [TX PC -> ESP32 #5]: ",0,0,90,90,90,90"
[13:29:00.114]    BYTES: [20 2C 30 2C 30 2C 39 30 2C 39 30 2C 39 30 2C 39 30 0A] (18 B)
[13:29:00.175] [TX PC -> ESP32 #6]: ",0,0,90,90,90,90"
[13:29:00.178]    BYTES: [20 2C 30 2C 30 2C 39 30 2C 39 30 2C 39 30 2C 39 30 0A] (18 B)
[13:29:00.234] [TX PC -> ESP32 #7]: ",0,0,90,90,90,90"
[13:29:00.238]    BYTES: [20 2C 30 2C 30 2C 39 30 2C 39 30 2C 39 30 2C 39 30 0A] (18 B)
[13:29:00.290] [TX PC -> ESP32 #8]: ",0,0,90,90,90,90"
[13:29:00.295]    BYTES: [20 2C 30 2C 30 2C 39 30 2C 39 30 2C 39 30 2C 39 30 0A] (18 B)
[13:29:00.350] [TX PC -> ESP32 #9]: ",0,0,90,90,90,90"
[13:29:00.350]    BYTES: [20 2C 30 2C 30 2C 39 30 2C 39 30 2C 39 30 2C 39 30 0A] (18 B)
[13:29:00.410] [TX PC -> ESP32 #10]: ",0,0,90,90,90,90"
[13:29:00.412]    BYTES: [20 2C 30 2C 30 2C 39 30 2C 39 30 2C 39 30 2C 39 30 0A] (18 B)
[13:29:00.470] [TX PC -> ESP32 #11]: ",0,0,90,90,90,90"
[13:29:00.471]    BYTES: [20 2C 30 2C 30 2C 39 30 2C 39 30 2C 39 30 2C 39 30 0A] (18 B)
[13:29:00.528] [TX PC -> ESP32 #12]: ",0,0,90,90,90,90"
[13:29:00.530]    BYTES: [20 2C 30 2C 30 2C 39 30 2C 39 30 2C 39 30 2C 39 30 0A] (18 B)
[13:29:00.593] [TX PC -> ESP32 #13]: ",0,0,90,90,90,90"
[13:29:00.594]    BYTES: [20 2C 30 2C 30 2C 39 30 2C 39 30 2C 39 30 2C 39 30 0A] (18 B)
[13:29:00.643] [TX PC -> ESP32 #14]: ",0,0,90,90,90,90"
[13:29:00.643]    BYTES: [20 2C 30 2C 30 2C 39 30 2C 39 30 2C 39 30 2C 39 30 0A] (18 B)
[13:29:00.702] [TX PC -> ESP32 #15]: ",0,0,90,90,90,90"
[13:29:00.709]    BYTES: [20 2C 30 2C 30 2C 39 30 2C 39 30 2C 39 30 2C 39 30 0A] (18 B)
[13:29:00.736] [MKR 1310 RX]: [ESTADO_MKR] TotalRx:0 | DescartadosFIFO:0 | Failsafes:1 | SinSenal:45000 ms | Estado:FAILSAFE (Frenado)
[13:29:00.760] [TX PC -> ESP32 #16]: ",0,0,90,90,90,90"
[13:29:00.760]    BYTES: [20 2C 30 2C 30 2C 39 30 2C 39 30 2C 39 30 2C 39 30 0A] (18 B)
[13:29:00.818] [TX PC -> ESP32 #17]: ",0,0,90,90,90,90"
[13:29:00.818]    BYTES: [20 2C 30 2C 30 2C 39 30 2C 39 30 2C 39 30 2C 39 30 0A] (18 B)
[13:29:00.870] [TX PC -> ESP32 #1]: ",0,0,90,90,90,90"
[13:29:00.870]    BYTES: [20 2C 30 2C 30 2C 39 30 2C 39 30 2C 39 30 2C 39 30 0A] (18 B)
[13:29:00.926] [TX PC -> ESP32 #2]: ",0,0,90,90,90,90"
[13:29:00.926]    BYTES: [20 2C 30 2C 30 2C 39 30 2C 39 30 2C 39 30 2C 39 30 0A] (18 B)
[13:29:00.976] [TX PC -> ESP32 #3]: ",0,0,90,90,90,90"
[13:29:00.976]    BYTES: [20 2C 30 2C 30 2C 39 30 2C 39 30 2C 39 30 2C 39 30 0A] (18 B)
[13:29:01.034] [TX PC -> ESP32 #4]: ",0,0,90,90,90,90"
[13:29:01.036]    BYTES: [20 2C 30 2C 30 2C 39 30 2C 39 30 2C 39 30 2C 39 30 0A] (18 B)
[13:29:01.093] [TX PC -> ESP32 #5]: ",0,0,90,90,90,90"
[13:29:01.093]    BYTES: [20 2C 30 2C 30 2C 39 30 2C 39 30 2C 39 30 2C 39 30 0A] (18 B)
[13:29:01.147] [TX PC -> ESP32 #6]: ",0,0,90,90,90,90"
[13:29:01.148]    BYTES: [20 2C 30 2C 30 2C 39 30 2C 39 30 2C 39 30 2C 39 30 0A] (18 B)
[13:29:01.185] [TX PC -> ESP32 #7]: "D,150,150,60,60,120,120"
[13:29:01.185]    BYTES: [44 2C 31 35 30 2C 31 35 30 2C 36 30 2C 36 30 2C 31 32 30 2C 31 32 30 0A] (24 B)
[13:29:01.202] [TX PC -> ESP32 #8]: "D,150,150,60,60,120,120"
[13:29:01.202]    BYTES: [44 2C 31 35 30 2C 31 35 30 2C 36 30 2C 36 30 2C 31 32 30 2C 31 32 30 0A] (24 B)
[13:29:01.260] [TX PC -> ESP32 #9]: "D,150,150,60,60,120,120"
[13:29:01.260]    BYTES: [44 2C 31 35 30 2C 31 35 30 2C 36 30 2C 36 30 2C 31 32 30 2C 31 32 30 0A] (24 B)
[13:29:01.310] [TX PC -> ESP32 #10]: "D,150,150,60,60,120,120"
[13:29:01.310]    BYTES: [44 2C 31 35 30 2C 31 35 30 2C 36 30 2C 36 30 2C 31 32 30 2C 31 32 30 0A] (24 B)
[13:29:01.376] [TX PC -> ESP32 #11]: "D,150,150,60,60,120,120"
[13:29:01.376]    BYTES: [44 2C 31 35 30 2C 31 35 30 2C 36 30 2C 36 30 2C 31 32 30 2C 31 32 30 0A] (24 B)
[13:29:01.435] [TX PC -> ESP32 #12]: "D,150,150,60,60,120,120"
[13:29:01.435]    BYTES: [44 2C 31 35 30 2C 31 35 30 2C 36 30 2C 36 30 2C 31 32 30 2C 31 32 30 0A] (24 B)
[13:29:01.492] [TX PC -> ESP32 #13]: "D,150,150,60,60,120,120"
[13:29:01.493]    BYTES: [44 2C 31 35 30 2C 31 35 30 2C 36 30 2C 36 30 2C 31 32 30 2C 31 32 30 0A] (24 B)
[13:29:01.543] [TX PC -> ESP32 #14]: "D,150,150,60,60,120,120"
[13:29:01.543]    BYTES: [44 2C 31 35 30 2C 31 35 30 2C 36 30 2C 36 30 2C 31 32 30 2C 31 32 30 0A] (24 B)
[13:29:01.603] [TX PC -> ESP32 #15]: "D,150,150,60,60,120,120"
[13:29:01.603]    BYTES: [44 2C 31 35 30 2C 31 35 30 2C 36 30 2C 36 30 2C 31 32 30 2C 31 32 30 0A] (24 B)
[13:29:01.668] [TX PC -> ESP32 #16]: "D,150,150,60,60,120,120"
[13:29:01.668]    BYTES: [44 2C 31 35 30 2C 31 35 30 2C 36 30 2C 36 30 2C 31 32 30 2C 31 32 30 0A] (24 B)
[13:29:01.727] [TX PC -> ESP32 #17]: "D,150,150,60,60,120,120"
[13:29:01.727]    BYTES: [44 2C 31 35 30 2C 31 35 30 2C 36 30 2C 36 30 2C 31 32 30 2C 31 32 30 0A] (24 B)
[13:29:01.735] [MKR 1310 RX]: [ESTADO_MKR] TotalRx:0 | DescartadosFIFO:0 | Failsafes:1 | SinSenal:46000 ms | Estado:FAILSAFE (Frenado)
[13:29:01.777] [TX PC -> ESP32 #18]: ",0,0,90,90,90,90"
[13:29:01.777]    BYTES: [20 2C 30 2C 30 2C 39 30 2C 39 30 2C 39 30 2C 39 30 0A] (18 B)
[13:29:01.785] [TX PC -> ESP32 #19]: ",0,0,90,90,90,90"
[13:29:01.785]    BYTES: [20 2C 30 2C 30 2C 39 30 2C 39 30 2C 39 30 2C 39 30 0A] (18 B)
[13:29:01.834] [TX PC -> ESP32 #20]: ",0,0,90,90,90,90"
[13:29:01.842]    BYTES: [20 2C 30 2C 30 2C 39 30 2C 39 30 2C 39 30 2C 39 30 0A] (18 B)
[13:29:01.910] [TX PC -> ESP32 #1]: ",0,0,90,90,90,90"
[13:29:01.910]    BYTES: [20 2C 30 2C 30 2C 39 30 2C 39 30 2C 39 30 2C 39 30 0A] (18 B)
[13:29:01.967] [TX PC -> ESP32 #2]: ",0,0,90,90,90,90"
[13:29:01.968]    BYTES: [20 2C 30 2C 30 2C 39 30 2C 39 30 2C 39 30 2C 39 30 0A] (18 B)
[13:29:02.027] [TX PC -> ESP32 #3]: ",0,0,90,90,90,90"
[13:29:02.027]    BYTES: [20 2C 30 2C 30 2C 39 30 2C 39 30 2C 39 30 2C 39 30 0A] (18 B)
[13:29:02.077] [TX PC -> ESP32 #4]: ",0,0,90,90,90,90"
[13:29:02.077]    BYTES: [20 2C 30 2C 30 2C 39 30 2C 39 30 2C 39 30 2C 39 30 0A] (18 B)
[13:29:02.143] [TX PC -> ESP32 #5]: ",0,0,90,90,90,90"
[13:29:02.143]    BYTES: [20 2C 30 2C 30 2C 39 30 2C 39 30 2C 39 30 2C 39 30 0A] (18 B)
[13:29:02.202] [TX PC -> ESP32 #6]: ",0,0,90,90,90,90"
[13:29:02.202]    BYTES: [20 2C 30 2C 30 2C 39 30 2C 39 30 2C 39 30 2C 39 30 0A] (18 B)
[13:29:02.268] [TX PC -> ESP32 #7]: ",0,0,90,90,90,90"
[13:29:02.271]    BYTES: [20 2C 30 2C 30 2C 39 30 2C 39 30 2C 39 30 2C 39 30 0A] (18 B)
[13:29:02.327] [TX PC -> ESP32 #8]: ",0,0,90,90,90,90"
[13:29:02.327]    BYTES: [20 2C 30 2C 30 2C 39 30 2C 39 30 2C 39 30 2C 39 30 0A] (18 B)
[13:29:02.394] [TX PC -> ESP32 #9]: ",0,0,90,90,90,90"
[13:29:02.394]    BYTES: [20 2C 30 2C 30 2C 39 30 2C 39 30 2C 39 30 2C 39 30 0A] (18 B)
[13:29:02.467] [TX PC -> ESP32 #10]: ",0,0,90,90,90,90"
[13:29:02.469]    BYTES: [20 2C 30 2C 30 2C 39 30 2C 39 30 2C 39 30 2C 39 30 0A] (18 B)
[13:29:02.502] [TX PC -> ESP32 #11]: "W,150,150,90,90,90,90"
[13:29:02.502]    BYTES: [57 2C 31 35 30 2C 31 35 30 2C 39 30 2C 39 30 2C 39 30 2C 39 30 0A] (22 B)
[13:29:02.523] [TX PC -> ESP32 #12]: "W,150,150,90,90,90,90"
[13:29:02.523]    BYTES: [57 2C 31 35 30 2C 31 35 30 2C 39 30 2C 39 30 2C 39 30 2C 39 30 0A] (22 B)
[13:29:02.576] [TX PC -> ESP32 #13]: "W,150,150,90,90,90,90"
[13:29:02.576]    BYTES: [57 2C 31 35 30 2C 31 35 30 2C 39 30 2C 39 30 2C 39 30 2C 39 30 0A] (22 B)
[13:29:02.643] [TX PC -> ESP32 #14]: "W,150,150,90,90,90,90"
[13:29:02.643]    BYTES: [57 2C 31 35 30 2C 31 35 30 2C 39 30 2C 39 30 2C 39 30 2C 39 30 0A] (22 B)
[13:29:02.702] [TX PC -> ESP32 #15]: "W,150,150,90,90,90,90"
[13:29:02.702]    BYTES: [57 2C 31 35 30 2C 31 35 30 2C 39 30 2C 39 30 2C 39 30 2C 39 30 0A] (22 B)
[13:29:02.737] [MKR 1310 RX]: [ESTADO_MKR] TotalRx:0 | DescartadosFIFO:0 | Failsafes:1 | SinSenal:47000 ms | Estado:FAILSAFE (Frenado)
[13:29:02.760] [TX PC -> ESP32 #16]: "W,150,150,90,90,90,90"
[13:29:02.768]    BYTES: [57 2C 31 35 30 2C 31 35 30 2C 39 30 2C 39 30 2C 39 30 2C 39 30 0A] (22 B)
[13:29:02.809] [TX PC -> ESP32 #17]: "D,150,150,60,60,120,120"
[13:29:02.810]    BYTES: [44 2C 31 35 30 2C 31 35 30 2C 36 30 2C 36 30 2C 31 32 30 2C 31 32 30 0A] (24 B)
[13:29:02.827] [TX PC -> ESP32 #18]: "D,150,150,60,60,120,120"
[13:29:02.827]    BYTES: [44 2C 31 35 30 2C 31 35 30 2C 36 30 2C 36 30 2C 31 32 30 2C 31 32 30 0A] (24 B)
[13:29:02.891] [TX PC -> ESP32 #19]: "D,150,150,60,60,120,120"
[13:29:02.891]    BYTES: [44 2C 31 35 30 2C 31 35 30 2C 36 30 2C 36 30 2C 31 32 30 2C 31 32 30 0A] (24 B)
[13:29:02.960] [TX PC -> ESP32 #1]: "D,150,150,60,60,120,120"
[13:29:02.960]    BYTES: [44 2C 31 35 30 2C 31 35 30 2C 36 30 2C 36 30 2C 31 32 30 2C 31 32 30 0A] (24 B)
[13:29:03.018] [TX PC -> ESP32 #2]: "D,150,150,60,60,120,120"
[13:29:03.018]    BYTES: [44 2C 31 35 30 2C 31 35 30 2C 36 30 2C 36 30 2C 31 32 30 2C 31 32 30 0A] (24 B)
[13:29:03.085] [TX PC -> ESP32 #3]: "D,150,150,60,60,120,120"
[13:29:03.085]    BYTES: [44 2C 31 35 30 2C 31 35 30 2C 36 30 2C 36 30 2C 31 32 30 2C 31 32 30 0A] (24 B)
[13:29:03.145] [TX PC -> ESP32 #4]: "D,150,150,60,60,120,120"
[13:29:03.145]    BYTES: [44 2C 31 35 30 2C 31 35 30 2C 36 30 2C 36 30 2C 31 32 30 2C 31 32 30 0A] (24 B)
[13:29:03.202] [TX PC -> ESP32 #5]: "D,150,150,60,60,120,120"
[13:29:03.202]    BYTES: [44 2C 31 35 30 2C 31 35 30 2C 36 30 2C 36 30 2C 31 32 30 2C 31 32 30 0A] (24 B)
[13:29:03.268] [TX PC -> ESP32 #6]: "D,150,150,60,60,120,120"
[13:29:03.270]    BYTES: [44 2C 31 35 30 2C 31 35 30 2C 36 30 2C 36 30 2C 31 32 30 2C 31 32 30 0A] (24 B)
[13:29:03.326] [TX PC -> ESP32 #7]: "D,150,150,60,60,120,120"
[13:29:03.326]    BYTES: [44 2C 31 35 30 2C 31 35 30 2C 36 30 2C 36 30 2C 31 32 30 2C 31 32 30 0A] (24 B)
[13:29:03.385] [TX PC -> ESP32 #8]: "D,150,150,60,60,120,120"
[13:29:03.387]    BYTES: [44 2C 31 35 30 2C 31 35 30 2C 36 30 2C 36 30 2C 31 32 30 2C 31 32 30 0A] (24 B)
[13:29:03.401] [TX PC -> ESP32 #9]: ",0,0,90,90,90,90"
[13:29:03.401]    BYTES: [20 2C 30 2C 30 2C 39 30 2C 39 30 2C 39 30 2C 39 30 0A] (18 B)
[13:29:03.443] [TX PC -> ESP32 #10]: ",0,0,90,90,90,90"
[13:29:03.443]    BYTES: [20 2C 30 2C 30 2C 39 30 2C 39 30 2C 39 30 2C 39 30 0A] (18 B)
[13:29:03.503] [TX PC -> ESP32 #11]: ",0,0,90,90,90,90"
[13:29:03.503]    BYTES: [20 2C 30 2C 30 2C 39 30 2C 39 30 2C 39 30 2C 39 30 0A] (18 B)
[13:29:03.568] [TX PC -> ESP32 #12]: ",0,0,90,90,90,90"
[13:29:03.568]    BYTES: [20 2C 30 2C 30 2C 39 30 2C 39 30 2C 39 30 2C 39 30 0A] (18 B)
[13:29:03.634] [TX PC -> ESP32 #13]: ",0,0,90,90,90,90"
[13:29:03.636]    BYTES: [20 2C 30 2C 30 2C 39 30 2C 39 30 2C 39 30 2C 39 30 0A] (18 B)
[13:29:03.695] [TX PC -> ESP32 #14]: ",0,0,90,90,90,90"
[13:29:03.697]    BYTES: [20 2C 30 2C 30 2C 39 30 2C 39 30 2C 39 30 2C 39 30 0A] (18 B)
[13:29:03.734] [MKR 1310 RX]: [ESTADO_MKR] TotalRx:0 | DescartadosFIFO:0 | Failsafes:1 | SinSenal:48000 ms | Estado:FAILSAFE (Frenado)
[13:29:03.751] [TX PC -> ESP32 #15]: ",0,0,90,90,90,90"
[13:29:03.751]    BYTES: [20 2C 30 2C 30 2C 39 30 2C 39 30 2C 39 30 2C 39 30 0A] (18 B)
[13:29:03.818] [TX PC -> ESP32 #16]: ",0,0,90,90,90,90"
[13:29:03.818]    BYTES: [20 2C 30 2C 30 2C 39 30 2C 39 30 2C 39 30 2C 39 30 0A] (18 B)
[13:29:03.876] [TX PC -> ESP32 #17]: ",0,0,90,90,90,90"
[13:29:03.876]    BYTES: [20 2C 30 2C 30 2C 39 30 2C 39 30 2C 39 30 2C 39 30 0A] (18 B)
[13:29:03.935] [TX PC -> ESP32 #18]: ",0,0,90,90,90,90"
[13:29:03.935]    BYTES: [20 2C 30 2C 30 2C 39 30 2C 39 30 2C 39 30 2C 39 30 0A] (18 B)
[13:29:03.993] [TX PC -> ESP32 #1]: ",0,0,90,90,90,90"
[13:29:03.993]    BYTES: [20 2C 30 2C 30 2C 39 30 2C 39 30 2C 39 30 2C 39 30 0A] (18 B)
[13:29:04.059] [TX PC -> ESP32 #2]: ",0,0,90,90,90,90"
[13:29:04.061]    BYTES: [20 2C 30 2C 30 2C 39 30 2C 39 30 2C 39 30 2C 39 30 0A] (18 B)
[13:29:04.118] [TX PC -> ESP32 #3]: ",0,0,90,90,90,90"
[13:29:04.119]    BYTES: [20 2C 30 2C 30 2C 39 30 2C 39 30 2C 39 30 2C 39 30 0A] (18 B)
[13:29:04.176] [TX PC -> ESP32 #4]: ",0,0,90,90,90,90"
[13:29:04.176]    BYTES: [20 2C 30 2C 30 2C 39 30 2C 39 30 2C 39 30 2C 39 30 0A] (18 B)
[13:29:04.235] [TX PC -> ESP32 #5]: ",0,0,90,90,90,90"
[13:29:04.235]    BYTES: [20 2C 30 2C 30 2C 39 30 2C 39 30 2C 39 30 2C 39 30 0A] (18 B)
[13:29:04.293] [TX PC -> ESP32 #6]: ",0,0,90,90,90,90"
[13:29:04.296]    BYTES: [20 2C 30 2C 30 2C 39 30 2C 39 30 2C 39 30 2C 39 30 0A] (18 B)
[13:29:04.360] [TX PC -> ESP32 #7]: ",0,0,90,90,90,90"
[13:29:04.360]    BYTES: [20 2C 30 2C 30 2C 39 30 2C 39 30 2C 39 30 2C 39 30 0A] (18 B)
[13:29:04.426] [TX PC -> ESP32 #8]: ",0,0,90,90,90,90"
[13:29:04.426]    BYTES: [20 2C 30 2C 30 2C 39 30 2C 39 30 2C 39 30 2C 39 30 0A] (18 B)
[13:29:04.485] [TX PC -> ESP32 #9]: ",0,0,90,90,90,90"
[13:29:04.485]    BYTES: [20 2C 30 2C 30 2C 39 30 2C 39 30 2C 39 30 2C 39 30 0A] (18 B)
[13:29:04.551] [TX PC -> ESP32 #10]: ",0,0,90,90,90,90"
[13:29:04.551]    BYTES: [20 2C 30 2C 30 2C 39 30 2C 39 30 2C 39 30 2C 39 30 0A] (18 B)
[13:29:04.621] [TX PC -> ESP32 #11]: ",0,0,90,90,90,90"
[13:29:04.621]    BYTES: [20 2C 30 2C 30 2C 39 30 2C 39 30 2C 39 30 2C 39 30 0A] (18 B)
[13:29:04.683] [TX PC -> ESP32 #12]: ",0,0,90,90,90,90"
[13:29:04.683]    BYTES: [20 2C 30 2C 30 2C 39 30 2C 39 30 2C 39 30 2C 39 30 0A] (18 B)
[13:29:04.725] [MKR 1310 RX]: [ESTADO_MKR] TotalRx:0 | DescartadosFIFO:0 | Failsafes:1 | SinSenal:49000 ms | Estado:FAILSAFE (Frenado)
[13:29:04.746] [TX PC -> ESP32 #13]: ",0,0,90,90,90,90"
[13:29:04.746]    BYTES: [20 2C 30 2C 30 2C 39 30 2C 39 30 2C 39 30 2C 39 30 0A] (18 B)
[13:29:04.808] [TX PC -> ESP32 #14]: ",0,0,90,90,90,90"
[13:29:04.808]    BYTES: [20 2C 30 2C 30 2C 39 30 2C 39 30 2C 39 30 2C 39 30 0A] (18 B)
[13:29:04.870] [TX PC -> ESP32 #15]: ",0,0,90,90,90,90"
[13:29:04.870]    BYTES: [20 2C 30 2C 30 2C 39 30 2C 39 30 2C 39 30 2C 39 30 0A] (18 B)
[13:29:04.934] [TX PC -> ESP32 #16]: ",0,0,90,90,90,90"
[13:29:04.936]    BYTES: [20 2C 30 2C 30 2C 39 30 2C 39 30 2C 39 30 2C 39 30 0A] (18 B)
[13:29:04.993] [TX PC -> ESP32 #17]: ",0,0,90,90,90,90"
[13:29:04.993]    BYTES: [20 2C 30 2C 30 2C 39 30 2C 39 30 2C 39 30 2C 39 30 0A] (18 B)
[13:29:05.055] [TX PC -> ESP32 #1]: ",0,0,90,90,90,90"
[13:29:05.055]    BYTES: [20 2C 30 2C 30 2C 39 30 2C 39 30 2C 39 30 2C 39 30 0A] (18 B)
[13:29:05.115] [TX PC -> ESP32 #2]: ",0,0,90,90,90,90"
[13:29:05.115]    BYTES: [20 2C 30 2C 30 2C 39 30 2C 39 30 2C 39 30 2C 39 30 0A] (18 B)
[13:29:05.177] [TX PC -> ESP32 #3]: ",0,0,90,90,90,90"
[13:29:05.177]    BYTES: [20 2C 30 2C 30 2C 39 30 2C 39 30 2C 39 30 2C 39 30 0A] (18 B)
[13:29:05.239] [TX PC -> ESP32 #4]: ",0,0,90,90,90,90"
[13:29:05.239]    BYTES: [20 2C 30 2C 30 2C 39 30 2C 39 30 2C 39 30 2C 39 30 0A] (18 B)
[13:29:05.300] [TX PC -> ESP32 #5]: ",0,0,90,90,90,90"
[13:29:05.300]    BYTES: [20 2C 30 2C 30 2C 39 30 2C 39 30 2C 39 30 2C 39 30 0A] (18 B)
[13:29:05.357] [TX PC -> ESP32 #6]: ",0,0,90,90,90,90"
[13:29:05.359]    BYTES: [20 2C 30 2C 30 2C 39 30 2C 39 30 2C 39 30 2C 39 30 0A] (18 B)
[13:29:05.413] [TX PC -> ESP32 #7]: ",0,0,90,90,90,90"
[13:29:05.413]    BYTES: [20 2C 30 2C 30 2C 39 30 2C 39 30 2C 39 30 2C 39 30 0A] (18 B)
[13:29:05.465] [TX PC -> ESP32 #8]: ",0,0,90,90,90,90"
[13:29:05.465]    BYTES: [20 2C 30 2C 30 2C 39 30 2C 39 30 2C 39 30 2C 39 30 0A] (18 B)
[13:29:05.527] [TX PC -> ESP32 #9]: ",0,0,90,90,90,90"
[13:29:05.527]    BYTES: [20 2C 30 2C 30 2C 39 30 2C 39 30 2C 39 30 2C 39 30 0A] (18 B)
[13:29:05.578] [TX PC -> ESP32 #10]: ",0,0,90,90,90,90"
[13:29:05.578]    BYTES: [20 2C 30 2C 30 2C 39 30 2C 39 30 2C 39 30 2C 39 30 0A] (18 B)
[13:29:05.647] [TX PC -> ESP32 #11]: ",0,0,90,90,90,90"
[13:29:05.657]    BYTES: [20 2C 30 2C 30 2C 39 30 2C 39 30 2C 39 30 2C 39 30 0A] (18 B)
[13:29:05.708] [TX PC -> ESP32 #12]: ",0,0,90,90,90,90"
[13:29:05.708]    BYTES: [20 2C 30 2C 30 2C 39 30 2C 39 30 2C 39 30 2C 39 30 0A] (18 B)
[13:29:05.729] [MKR 1310 RX]: [ESTADO_MKR] TotalRx:0 | DescartadosFIFO:0 | Failsafes:1 | SinSenal:50000 ms | Estado:FAILSAFE (Frenado)
[13:29:05.770] [TX PC -> ESP32 #13]: ",0,0,90,90,90,90"
[13:29:05.770]    BYTES: [20 2C 30 2C 30 2C 39 30 2C 39 30 2C 39 30 2C 39 30 0A] (18 B)
[13:29:05.830] [TX PC -> ESP32 #14]: ",0,0,90,90,90,90"
[13:29:05.830]    BYTES: [20 2C 30 2C 30 2C 39 30 2C 39 30 2C 39 30 2C 39 30 0A] (18 B)
[13:29:05.892] [TX PC -> ESP32 #15]: ",0,0,90,90,90,90"
[13:29:05.892]    BYTES: [20 2C 30 2C 30 2C 39 30 2C 39 30 2C 39 30 2C 39 30 0A] (18 B)
[13:29:05.953] [TX PC -> ESP32 #16]: ",0,0,90,90,90,90"
[13:29:05.953]    BYTES: [20 2C 30 2C 30 2C 39 30 2C 39 30 2C 39 30 2C 39 30 0A] (18 B)
[13:29:06.014] [TX PC -> ESP32 #17]: ",0,0,90,90,90,90"
[13:29:06.014]    BYTES: [20 2C 30 2C 30 2C 39 30 2C 39 30 2C 39 30 2C 39 30 0A] (18 B)
[13:29:06.065] [TX PC -> ESP32 #1]: ",0,0,90,90,90,90"
[13:29:06.065]    BYTES: [20 2C 30 2C 30 2C 39 30 2C 39 30 2C 39 30 2C 39 30 0A] (18 B)
[13:29:06.127] [TX PC -> ESP32 #2]: ",0,0,90,90,90,90"
[13:29:06.127]    BYTES: [20 2C 30 2C 30 2C 39 30 2C 39 30 2C 39 30 2C 39 30 0A] (18 B)
[13:29:06.181] [TX PC -> ESP32 #3]: ",0,0,90,90,90,90"
[13:29:06.184]    BYTES: [20 2C 30 2C 30 2C 39 30 2C 39 30 2C 39 30 2C 39 30 0A] (18 B)
[13:29:06.238] [TX PC -> ESP32 #4]: ",0,0,90,90,90,90"
[13:29:06.238]    BYTES: [20 2C 30 2C 30 2C 39 30 2C 39 30 2C 39 30 2C 39 30 0A] (18 B)
[13:29:06.287] [TX PC -> ESP32 #5]: ",0,0,90,90,90,90"
[13:29:06.287]    BYTES: [20 2C 30 2C 30 2C 39 30 2C 39 30 2C 39 30 2C 39 30 0A] (18 B)
[13:29:06.351] [TX PC -> ESP32 #6]: ",0,0,90,90,90,90"
[13:29:06.353]    BYTES: [20 2C 30 2C 30 2C 39 30 2C 39 30 2C 39 30 2C 39 30 0A] (18 B)
[13:29:06.409] [TX PC -> ESP32 #7]: ",0,0,90,90,90,90"
[13:29:06.409]    BYTES: [20 2C 30 2C 30 2C 39 30 2C 39 30 2C 39 30 2C 39 30 0A] (18 B)
[13:29:06.473] [TX PC -> ESP32 #8]: ",0,0,90,90,90,90"
[13:29:06.476]    BYTES: [20 2C 30 2C 30 2C 39 30 2C 39 30 2C 39 30 2C 39 30 0A] (18 B)
[13:29:06.539] [TX PC -> ESP32 #9]: ",0,0,90,90,90,90"
[13:29:06.539]    BYTES: [20 2C 30 2C 30 2C 39 30 2C 39 30 2C 39 30 2C 39 30 0A] (18 B)
[13:29:06.600] [TX PC -> ESP32 #10]: ",0,0,90,90,90,90"
[13:29:06.601]    BYTES: [20 2C 30 2C 30 2C 39 30 2C 39 30 2C 39 30 2C 39 30 0A] (18 B)
[13:29:06.660] [TX PC -> ESP32 #11]: ",0,0,90,90,90,90"
[13:29:06.660]    BYTES: [20 2C 30 2C 30 2C 39 30 2C 39 30 2C 39 30 2C 39 30 0A] (18 B)
[13:29:06.719] [TX PC -> ESP32 #12]: ",0,0,90,90,90,90"
[13:29:06.719]    BYTES: [20 2C 30 2C 30 2C 39 30 2C 39 30 2C 39 30 2C 39 30 0A] (18 B)
[13:29:06.733] [MKR 1310 RX]: [ESTADO_MKR] TotalRx:0 | DescartadosFIFO:0 | Failsafes:1 | SinSenal:51000 ms | Estado:FAILSAFE (Frenado)
[13:29:07.693] [TX PC -> ESP32 #1]: "D,150,150,60,60,120,120"
[13:29:07.695]    BYTES: [44 2C 31 35 30 2C 31 35 30 2C 36 30 2C 36 30 2C 31 32 30 2C 31 32 30 0A] (24 B)
[13:29:07.748] [MKR 1310 RX]: [ESTADO_MKR] TotalRx:0 | DescartadosFIFO:0 | Failsafes:1 | SinSenal:52000 ms | Estado:FAILSAFE (Frenado)
[13:29:08.372] [TX PC -> ESP32 #1]: "W,150,150,90,90,90,90"
[13:29:08.373]    BYTES: [57 2C 31 35 30 2C 31 35 30 2C 39 30 2C 39 30 2C 39 30 2C 39 30 0A] (22 B)
[13:29:08.732] [MKR 1310 RX]: [ESTADO_MKR] TotalRx:0 | DescartadosFIFO:0 | Failsafes:1 | SinSenal:53000 ms | Estado:FAILSAFE (Frenado)
[13:29:09.052] [TX PC -> ESP32 #2]: ",0,0,90,90,90,90"
[13:29:09.052]    BYTES: [20 2C 30 2C 30 2C 39 30 2C 39 30 2C 39 30 2C 39 30 0A] (18 B)
[13:29:09.724] [MKR 1310 RX]: [ESTADO_MKR] TotalRx:0 | DescartadosFIFO:0 | Failsafes:1 | SinSenal:54000 ms | Estado:FAILSAFE (Frenado)
[13:29:10.732] [MKR 1310 RX]: [ESTADO_MKR] TotalRx:0 | DescartadosFIFO:0 | Failsafes:1 | SinSenal:55000 ms | Estado:FAILSAFE (Frenado)
[13:29:11.733] [MKR 1310 RX]: [ESTADO_MKR] TotalRx:0 | DescartadosFIFO:0 | Failsafes:1 | SinSenal:56000 ms | Estado:FAILSAFE (Frenado)
[13:29:12.731] [MKR 1310 RX]: [ESTADO_MKR] TotalRx:0 | DescartadosFIFO:0 | Failsafes:1 | SinSenal:57000 ms | Estado:FAILSAFE (Frenado)
[13:29:12.732] [TX PC -> ESP32 #1]: "D,150,150,60,60,120,120"
[13:29:12.732]    BYTES: [44 2C 31 35 30 2C 31 35 30 2C 36 30 2C 36 30 2C 31 32 30 2C 31 32 30 0A] (24 B)
[13:29:13.730] [MKR 1310 RX]: [ESTADO_MKR] TotalRx:0 | DescartadosFIFO:0 | Failsafes:1 | SinSenal:58000 ms | Estado:FAILSAFE (Frenado)
[13:29:14.496] [TX PC -> ESP32 #1]: "W,150,150,90,90,90,90"
[13:29:14.496]    BYTES: [57 2C 31 35 30 2C 31 35 30 2C 39 30 2C 39 30 2C 39 30 2C 39 30 0A] (22 B)
[13:29:14.731] [MKR 1310 RX]: [ESTADO_MKR] TotalRx:0 | DescartadosFIFO:0 | Failsafes:1 | SinSenal:59000 ms | Estado:FAILSAFE (Frenado)
[13:29:14.992] [TX PC -> ESP32 #2]: "D,150,150,60,60,120,120"
[13:29:14.995]    BYTES: [44 2C 31 35 30 2C 31 35 30 2C 36 30 2C 36 30 2C 31 32 30 2C 31 32 30 0A] (24 B)
[13:29:15.019] [TX PC -> ESP32 #3]: ",0,0,90,90,90,90"
[13:29:15.019]    BYTES: [20 2C 30 2C 30 2C 39 30 2C 39 30 2C 39 30 2C 39 30 0A] (18 B)
[13:29:15.145] [TX PC -> ESP32 #1]: "S,150,150,90,90,90,90"
[13:29:15.145]    BYTES: [53 2C 31 35 30 2C 31 35 30 2C 39 30 2C 39 30 2C 39 30 2C 39 30 0A] (22 B)
[13:29:15.730] [MKR 1310 RX]: [ESTADO_MKR] TotalRx:0 | DescartadosFIFO:0 | Failsafes:1 | SinSenal:60000 ms | Estado:FAILSAFE (Frenado)
[13:29:15.793] [TX PC -> ESP32 #2]: "D,150,150,60,60,120,120"
[13:29:15.797]    BYTES: [44 2C 31 35 30 2C 31 35 30 2C 36 30 2C 36 30 2C 31 32 30 2C 31 32 30 0A] (24 B)
[13:29:16.570] [TX PC -> ESP32 #1]: ",0,0,90,90,90,90"
[13:29:16.573]    BYTES: [20 2C 30 2C 30 2C 39 30 2C 39 30 2C 39 30 2C 39 30 0A] (18 B)
[13:29:16.730] [MKR 1310 RX]: [ESTADO_MKR] TotalRx:0 | DescartadosFIFO:0 | Failsafes:1 | SinSenal:61000 ms | Estado:FAILSAFE (Frenado)
[13:29:16.739] [TX PC -> ESP32 #2]: "D,150,150,60,60,120,120"
[13:29:16.741]    BYTES: [44 2C 31 35 30 2C 31 35 30 2C 36 30 2C 36 30 2C 31 32 30 2C 31 32 30 0A] (24 B)
[13:29:17.728] [MKR 1310 RX]: [ESTADO_MKR] TotalRx:0 | DescartadosFIFO:0 | Failsafes:1 | SinSenal:62000 ms | Estado:FAILSAFE (Frenado)
[13:29:18.186] [TX PC -> ESP32 #1]: ",0,0,90,90,90,90"
[13:29:18.186]    BYTES: [20 2C 30 2C 30 2C 39 30 2C 39 30 2C 39 30 2C 39 30 0A] (18 B)
[13:29:18.726] [MKR 1310 RX]: [ESTADO_MKR] TotalRx:0 | DescartadosFIFO:0 | Failsafes:1 | SinSenal:63000 ms | Estado:FAILSAFE (Frenado)

